sinteticos/sales_sint_365_tend.csv
date,item_nbr,unit_sales,price
2001-03-14,0,21.752,28.794675
2001-03-15,0,22.8438,27.476982142857143
2001-03-16,0,19.584000000000003,31.943055555555553
2001-03-17,0,20.675800000000002,29.71009868421053
2001-03-18,0,19.5912,31.1885
2001-03-19,0,21.772,25.6456125
2001-03-20,0,20.6872,26.276394736842107
2001-03-21,0,21.78,28.1851875
2001-03-22,0,22.873199999999997,23.880059523809525
2001-03-23,0,19.609199999999998,29.799138888888884
2001-03-24,0,19.6128,27.28
2001-03-25,0,19.616400000000002,28.163333333333334
2001-03-26,0,20.71,25.01644736842105
2001-03-27,0,22.8942,24.346928571428574
2001-03-28,0,19.627200000000002,31.28413888888889
2001-03-29,0,22.9026,26.66720238095238
2001-03-30,0,21.816,28.479412500000002
2001-03-31,0,21.82,27.584437500000003
2001-04-01,0,19.6416,31.47511111111111
2001-04-02,0,22.9194,25.924732142857145
2001-04-03,0,19.648799999999998,30.95393055555556
2001-04-04,0,19.6524,29.782729166666666
2001-04-05,0,19.656000000000002,28.67
2001-04-06,0,19.6596,29.49598611111111
2001-04-07,0,22.9404,25.688214285714285
2001-04-08,0,21.852,25.65346875
2001-04-09,0,22.9488,25.089714285714287
2001-04-10,0,21.86,27.722875
2001-04-11,0,21.863999999999997,26.773725
2001-04-12,0,21.868,23.866356250000003
2001-04-13,0,19.6848,30.6965
2001-04-14,0,19.688399999999998,26.936124999999997
2001-04-15,0,20.786,28.753421052631584
2001-04-16,0,20.7898,27.586480263157895
2001-04-17,0,21.888,24.039299999999997
2001-04-18,0,22.9866,26.225952380952386
2001-04-19,0,20.8012,28.82275
2001-04-20,0,20.805,29.049177631578946
2001-04-21,0,22.9992,24.51985714285714
2001-04-22,0,23.0034,24.674125
2001-04-23,0,21.912,25.4869875
2001-04-24,0,23.0118,26.648285714285713
2001-04-25,0,21.92,27.136000000000003
2001-04-26,0,19.7316,31.391479166666667
2001-04-27,0,23.0244,26.152833333333334
2001-04-28,0,21.932000000000002,27.4637125
2001-04-29,0,19.7424,30.165333333333333
2001-04-30,0,19.746,30.40458333333333
2001-05-01,0,21.944,27.2082375
2001-05-02,0,19.7532,27.111250000000002
2001-05-03,0,19.7568,27.0555
2001-05-04,0,19.760399999999997,31.06738194444445
2001-05-05,0,23.058000000000003,27.238750000000003
2001-05-06,0,19.7676,31.84125
2001-05-07,0,20.869600000000002,30.392421052631583
2001-05-08,0,19.7748,29.076729166666667
2001-05-09,0,20.8772,25.482
2001-05-10,0,19.782,30.08645833333333
2001-05-11,0,23.083199999999998,26.954571428571427
2001-05-12,0,20.8886,27.503447368421053
2001-05-13,0,23.0916,23.9765
2001-05-14,0,19.796400000000002,29.097270833333337
2001-05-15,0,22.0,25.021875
2001-05-16,0,20.9038,25.726710526315788
2001-05-17,0,22.008000000000003,25.559137500000002
2001-05-18,0,22.012,28.21933125
2001-05-19,0,22.016,25.35255
2001-05-20,0,23.121,23.034375000000004
2001-05-21,0,23.1252,27.441976190476193
2001-05-22,0,23.129399999999997,23.39425
2001-05-23,0,20.9304,27.76294736842105
2001-05-24,0,19.8324,30.195131944444444
2001-05-25,0,23.142000000000003,24.41559523809524
2001-05-26,0,20.9418,30.62840131578947
2001-05-27,0,20.945600000000002,30.408
2001-05-28,0,19.8468,31.569041666666667
2001-05-29,0,23.1588,26.2515
2001-05-30,0,23.163,27.62306547619048
2001-05-31,0,22.064,24.323825000000003
2001-06-01,0,20.964599999999997,25.494967105263154
2001-06-02,0,19.8648,31.824194444444448
2001-06-03,0,23.179800000000004,23.93433333333333
2001-06-04,0,20.976000000000003,29.483684210526317
2001-06-05,0,22.084000000000003,24.657643750000002
2001-06-06,0,19.8792,27.163875
2001-06-07,0,19.8828,31.842875
2001-06-08,0,22.096,29.1947
2001-06-09,0,23.205,23.291517857142857
2001-06-10,0,20.9988,25.80236842105263
2001-06-11,0,23.2134,22.89093452380952
2001-06-12,0,22.112,25.317500000000003
2001-06-13,0,21.010199999999998,26.877572368421053
2001-06-14,0,21.014000000000003,29.013223684210523
2001-06-15,0,19.9116,30.213958333333334
2001-06-16,0,19.915200000000002,31.165499999999998
2001-06-17,0,21.0254,29.697085526315785
2001-06-18,0,22.136,27.6821625
2001-06-19,0,22.14,25.33828125
2001-06-20,0,22.144,27.101799999999997
2001-06-21,0,22.148,24.170381250000002
2001-06-22,0,21.0444,29.152776315789474
2001-06-23,0,21.0482,26.90908552631579
2001-06-24,0,21.052000000000003,25.900921052631578
2001-06-25,0,22.164,26.05005
2001-06-26,0,19.9512,29.363125
2001-06-27,0,23.2806,25.628999999999998
2001-06-28,0,23.2848,25.479428571428574
2001-06-29,0,19.962,29.9075
2001-06-30,0,19.9656,30.80120833333333
2001-07-01,0,19.9692,31.39835416666667
2001-07-02,0,23.301599999999997,27.57747619047619
2001-07-03,0,21.086199999999998,30.933881578947364
2001-07-04,0,22.200000000000003,27.680625
2001-07-05,0,22.204,28.859625
2001-07-06,0,23.3184,24.434285714285714
2001-07-07,0,23.3226,24.233500000000003
2001-07-08,0,23.3268,23.37075
2001-07-09,0,19.998,29.823680555555555
2001-07-10,0,22.224,27.70005
2001-07-11,0,23.339399999999998,24.75417857142857
2001-07-12,0,21.1204,29.277368421052632
2001-07-13,0,23.3478,27.154446428571426
2001-07-14,0,23.352000000000004,25.57809523809524
2001-07-15,0,23.3562,25.37725
2001-07-16,0,22.248,25.5254625
2001-07-17,0,23.3646,23.191458333333337
2001-07-18,0,22.256,25.103225
2001-07-19,0,20.034,29.4421875
2001-07-20,0,22.264,27.089975000000003
2001-07-21,0,21.1546,27.955473684210528
2001-07-22,0,21.1584,29.480684210526316
2001-07-23,0,21.1622,30.949875
2001-07-24,0,20.052000000000003,28.685694444444447
2001-07-25,0,20.055600000000002,27.3200625
2001-07-26,0,21.1736,30.396763157894735
2001-07-27,0,21.177400000000002,27.52384210526316
2001-07-28,0,21.1812,26.342486842105263
2001-07-29,0,22.3,27.439999999999998
2001-07-30,0,20.0736,28.646222222222224
2001-07-31,0,23.423399999999997,26.496803571428572
2001-08-01,0,22.311999999999998,25.5731625
2001-08-02,0,23.4318,23.132660714285716
2001-08-03,0,23.436000000000003,25.637857142857143
2001-08-04,0,22.324,24.1340625
2001-08-05,0,23.4444,27.789333333333335
2001-08-06,0,20.0988,31.351791666666667
2001-08-07,0,21.2192,26.147315789473684
2001-08-08,0,20.106,27.841631944444444
2001-08-09,0,20.1096,30.706875
2001-08-10,0,23.4654,26.016565476190475
2001-08-11,0,23.4696,24.588261904761904
2001-08-12,0,23.473799999999997,25.613625000000003
2001-08-13,0,22.36,26.8974375
2001-08-14,0,22.364,27.598587499999997
2001-08-15,0,20.1312,27.80466666666667
2001-08-16,0,23.4906,26.64852976190476
2001-08-17,0,20.1384,29.303152777777775
2001-08-18,0,20.142,30.082500000000003
2001-08-19,0,21.2648,28.672184210526318
2001-08-20,0,23.5074,23.64175
2001-08-21,0,20.1528,28.06291666666667
2001-08-22,0,21.2762,27.77703289473684
2001-08-23,0,21.28,26.705263157894734
2001-08-24,0,22.404000000000003,27.576956249999995
2001-08-25,0,22.408,25.3759
2001-08-26,0,20.1708,31.30536111111111
2001-08-27,0,22.416,25.112925
2001-08-28,0,23.541,23.20276785714286
2001-08-29,0,22.424,25.7642125
2001-08-30,0,21.3066,26.896874999999998
2001-08-31,0,22.432,24.748
2001-09-01,0,23.557799999999997,28.13298214285714
2001-09-02,0,23.561999999999998,27.82875
2001-09-03,0,21.321800000000003,26.626118421052634
2001-09-04,0,20.203200000000002,29.90277777777778
2001-09-05,0,22.452,26.3773125
2001-09-06,0,20.2104,32.601597222222225
2001-09-07,0,23.583,25.588601190476194
2001-09-08,0,21.340799999999998,27.265105263157892
2001-09-09,0,23.5914,25.389375000000005
2001-09-10,0,22.471999999999998,24.7228875
2001-09-11,0,23.5998,26.113517857142856
2001-09-12,0,23.604000000000003,25.60345238095238
2001-09-13,0,23.608200000000004,26.58141666666667
2001-09-14,0,21.3636,29.099249999999998
2001-09-15,0,23.616600000000002,27.973422619047618
2001-09-16,0,21.3712,27.460631578947368
2001-09-17,0,20.25,31.924479166666668
2001-09-18,0,23.6292,27.264321428571424
2001-09-19,0,21.3826,26.108026315789473
2001-09-20,0,21.3864,26.22457894736842
2001-09-21,0,22.516,28.5835625
2001-09-22,0,22.519999999999996,29.503812500000006
2001-09-23,0,21.3978,30.43563157894737
2001-09-24,0,23.654400000000003,23.99490476190476
2001-09-25,0,22.532,25.629218749999996
2001-09-26,0,22.536,28.977862500000004
2001-09-27,0,20.286,29.862708333333334
2001-09-28,0,21.4168,29.430578947368417
2001-09-29,0,20.2932,30.82929166666667
2001-09-30,0,23.679599999999997,24.525750000000002
2001-10-01,0,22.555999999999997,25.269074999999997
2001-10-02,0,22.560000000000002,25.488000000000003
2001-10-03,0,23.692200000000003,23.711315476190478
2001-10-04,0,21.439600000000002,30.64498684210526
2001-10-05,0,22.572000000000003,29.548256250000005
2001-10-06,0,21.447200000000002,27.865526315789474
2001-10-07,0,23.709,23.722291666666667
2001-10-08,0,21.4548,29.635302631578952
2001-10-09,0,20.3292,29.964256944444443
2001-10-10,0,20.3328,27.26522222222222
2001-10-11,0,20.336399999999998,30.271500000000003
2001-10-12,0,20.339999999999996,30.275000000000002
2001-10-13,0,22.604000000000003,29.359331249999997
2001-10-14,0,22.608,25.793775
2001-10-15,0,20.3508,30.105229166666668
2001-10-16,0,23.7468,25.910488095238094
2001-10-17,0,22.62,26.23546875
2001-10-18,0,23.7552,24.83447619047619
2001-10-19,0,23.7594,24.06439880952381
2001-10-20,0,22.631999999999998,29.5995375
2001-10-21,0,23.767799999999998,24.997708333333335
2001-10-22,0,23.772000000000002,24.742857142857144
2001-10-23,0,21.5118,29.515776315789473
2001-10-24,0,20.383200000000002,30.497458333333338
2001-10-25,0,23.7846,23.82325
2001-10-26,0,20.3904,30.26383333333333
2001-10-27,0,21.527,27.933223684210525
2001-10-28,0,23.7972,28.370833333333334
2001-10-29,0,20.4012,27.68625
2001-10-30,0,20.404799999999998,27.147694444444443
2001-10-31,0,22.676,27.03644375
2001-11-01,0,20.412,27.33458333333333
2001-11-02,0,23.8182,23.94847619047619
2001-11-03,0,20.4192,28.244222222222227
2001-11-04,0,22.692,27.428362500000002
2001-11-05,0,20.4264,32.76844444444444
2001-11-06,0,20.43,30.9046875
2001-11-07,0,20.4336,28.799500000000002
2001-11-08,0,22.708,26.41061875
2001-11-09,0,20.4408,28.86640277777778
2001-11-10,0,20.444399999999998,32.84760416666667
2001-11-11,0,21.584000000000003,26.896578947368422
2001-11-12,0,21.5878,25.871664473684213
2001-11-13,0,23.864400000000003,23.668785714285715
2001-11-14,0,22.732,29.793543749999998
2001-11-15,0,20.462400000000002,29.851249999999997
2001-11-16,0,21.603,26.912072368421054
2001-11-17,0,20.4696,33.115375
2001-11-18,0,22.747999999999998,29.047156249999997
2001-11-19,0,20.476799999999997,29.503000000000004
2001-11-20,0,20.4804,30.773541666666667
2001-11-21,0,22.759999999999998,25.092375
2001-11-22,0,20.487599999999997,31.92735416666667
2001-11-23,0,20.491200000000003,32.89680555555556
2001-11-24,0,23.910600000000002,27.113880952380953
2001-11-25,0,20.4984,32.421375
2001-11-26,0,22.78,24.454687500000002
2001-11-27,0,22.784,26.3054
2001-11-28,0,21.6486,26.892039473684207
2001-11-29,0,23.9316,24.48901190476191
2001-11-30,0,22.796,28.108643750000002
2001-12-01,0,23.94,23.666071428571428
2001-12-02,0,21.663800000000002,29.537605263157896
2001-12-03,0,20.5272,32.99508333333333
2001-12-04,0,20.5308,32.2131875
2001-12-05,0,21.6752,30.52126315789474
2001-12-06,0,20.538,29.621180555555554
2001-12-07,0,21.6828,28.065394736842105
2001-12-08,0,23.9694,24.46252380952381
2001-12-09,0,21.6904,26.639605263157893
2001-12-10,0,20.5524,31.932999999999996
2001-12-11,0,21.697999999999997,27.619868421052633
2001-12-12,0,20.559599999999996,28.61321527777778
2001-12-13,0,20.563200000000002,28.314
2001-12-14,0,23.994600000000002,23.338392857142853
2001-12-15,0,23.9988,26.712559523809528
2001-12-16,0,20.574,29.413125
2001-12-17,0,24.0072,27.963833333333334
2001-12-18,0,24.0114,26.77364285714286
2001-12-19,0,20.584799999999998,33.237375
2001-12-20,0,20.5884,27.670715277777777
2001-12-21,0,78.93599999999999,7.187681159420291
2001-12-22,0,97.257,6.5920499999999995
2001-12-23,0,81.25240000000001,7.324637323943662
2001-12-24,0,100.7248,5.8979375
2001-12-25,0,96.1632,6.7766785714285716
2001-12-26,0,82.44,8.209982638888889
2001-12-27,0,103.068,5.550705555555554
2001-12-28,0,100.7952,5.975019886363637
2001-12-29,0,77.9008,7.957882352941176
2001-12-30,0,98.5388,5.848937499999999
2001-12-31,0,88.24199999999999,6.632532467532467
2002-01-01,0,84.8188,8.052577702702703
2002-01-02,0,104.3224,5.949274725274725
2002-01-03,0,82.5552,7.823312500000001
2002-01-04,0,86.01,6.841633333333333
2002-01-05,0,87.172,6.80985197368421
2002-01-06,0,90.6288,7.215493670886076
2002-01-07,0,86.05499999999999,7.018723333333334
2002-01-08,0,78.0368,7.38875
2002-01-09,0,98.71079999999999,6.058870639534884
2002-01-10,0,84.952,7.05695945945946
2002-01-11,0,83.8186,6.959871575342466
2002-01-12,0,104.5044,6.520475274725276
2002-01-13,0,84.99640000000001,6.69016722972973
2002-01-14,0,78.11840000000001,7.233088235294117
2002-01-15,0,98.81400000000001,6.152005813953488
2002-01-16,0,96.5328,6.923916666666667
2002-01-17,0,83.9062,7.443936643835617
2002-01-18,0,94.2672,6.01425
2002-01-19,0,86.235,7.013781666666667
2002-01-20,0,23.0,29.859375
2002-01-21,0,21.8538,26.137855263157892
2002-01-22,0,20.7072,30.02422222222222
2002-01-23,0,21.8614,27.23795394736842
2002-01-24,0,24.166800000000002,25.21985714285714
2002-01-25,0,24.171,23.503005952380953
2002-01-26,0,20.7216,32.47016666666667
2002-01-27,0,21.8766,28.805921052631575
2002-01-28,0,20.7288,30.40972222222222
2002-01-29,0,23.035999999999998,30.05431875
2002-01-30,0,21.887999999999998,26.625789473684208
2002-01-31,0,24.1962,25.91795833333333
2002-02-01,0,20.7432,29.389208333333332
2002-02-02,0,24.204600000000003,27.01925
2002-02-03,0,21.903200000000002,31.654184210526314
2002-02-04,0,20.754,28.912326388888893
2002-02-05,0,24.2172,25.82839285714286
2002-02-06,0,24.2214,27.13595238095238
2002-02-07,0,21.9184,26.823157894736845
2002-02-08,0,21.9222,27.633888157894734
2002-02-09,0,21.926,31.15657894736842
2002-02-10,0,20.775599999999997,29.78485416666667
2002-02-11,0,20.779200000000003,29.544583333333332
2002-02-12,0,20.7828,32.41136111111111
2002-02-13,0,21.941200000000002,28.573223684210532
2002-02-14,0,24.255,26.063839285714288
2002-02-15,0,24.2592,24.134
2002-02-16,0,23.108,24.959593749999996
2002-02-17,0,24.267599999999998,28.633000000000003
2002-02-18,0,24.2718,26.96407142857143
2002-02-19,0,24.276,26.339999999999996
2002-02-20,0,21.967800000000004,27.902782894736845
2002-02-21,0,24.2844,26.032357142857144
2002-02-22,0,23.132,29.313262499999997
2002-02-23,0,24.2928,24.103714285714286
2002-02-24,0,23.14,28.112000000000002
2002-02-25,0,23.144,26.357999999999997
2002-02-26,0,21.9906,28.095276315789476
2002-02-27,0,23.152,28.561
2002-02-28,0,23.156,29.498081250000002
2002-03-01,0,24.317999999999998,26.213035714285713
2002-03-02,0,23.163999999999998,28.680637500000003
2002-03-03,0,24.326400000000003,27.736666666666665
2002-03-04,0,22.0134,28.288006578947364
2002-03-05,0,23.176000000000002,28.690425000000005
2002-03-06,0,24.339000000000002,26.12324404761905
2002-03-07,0,20.8656,31.641166666666667
2002-03-08,0,23.188,29.414968750000003
2002-03-09,0,24.351599999999998,25.922678571428573
2002-03-10,0,22.036199999999997,26.397
2002-03-11,0,22.04,26.400000000000002
2002-03-12,0,20.8836,29.153312500000002
2002-03-13,0,20.8872,33.61875
2002-03-14,0,24.372600000000002,28.19055952380953
2002-03-15,0,24.376800000000003,25.887952380952385
2002-03-16,0,22.059,27.805263157894736
2002-03-17,0,24.3852,24.426166666666667
2002-03-18,0,20.9052,31.619576388888888
2002-03-19,0,24.3936,26.581285714285713
2002-03-20,0,23.235999999999997,26.096662499999997
2002-03-21,0,23.24,28.7976875
2002-03-22,0,20.9196,28.9416875
2002-03-23,0,20.923199999999998,29.740499999999997
2002-03-24,0,22.0894,29.801855263157897
2002-03-25,0,24.4188,26.966642857142855
2002-03-26,0,20.934,32.87260416666666
2002-03-27,0,22.1008,31.668000000000003
2002-03-28,0,23.268,25.12845
2002-03-29,0,24.4356,27.66122619047619
2002-03-30,0,20.9484,29.641638888888885
2002-03-31,0,24.444,28.0875
2002-04-01,0,22.1198,31.22169736842105
2002-04-02,0,23.288000000000004,26.962237499999997
2002-04-03,0,22.1274,27.455782894736846
2002-04-04,0,22.1312,29.548789473684213
2002-04-05,0,22.135,29.610197368421048
2002-04-06,0,24.4692,28.316750000000003
2002-04-07,0,22.1426,27.119796052631578
2002-04-08,0,20.9808,33.71805555555556
2002-04-09,0,20.9844,27.590625000000003
2002-04-10,0,23.32,30.353125
2002-04-11,0,24.490199999999998,25.283994047619046
2002-04-12,0,24.4944,26.969142857142856
2002-04-13,0,24.498600000000003,25.079410714285714
2002-04-14,0,23.336000000000002,26.502
2002-04-15,0,24.507,26.873125
2002-04-16,0,23.344,27.888625
2002-04-17,0,22.1806,27.615624999999998
2002-04-18,0,22.1844,30.467842105263152
2002-04-19,0,21.0204,27.683256944444448
2002-04-20,0,21.023999999999997,29.036944444444444
2002-04-21,0,22.1958,27.220973684210524
2002-04-22,0,23.368000000000002,26.470737500000002
2002-04-23,0,21.0348,33.77534722222222
2002-04-24,0,23.376,28.908824999999997
2002-04-25,0,23.380000000000003,25.6505
2002-04-26,0,21.0456,28.07376388888889
2002-04-27,0,23.387999999999998,26.319824999999998
2002-04-28,0,21.052799999999998,32.25833333333334
2002-04-29,0,24.5658,28.548559523809526
2002-04-30,0,22.229999999999997,26.433552631578948
2002-05-01,0,22.2338,29.988585526315784
2002-05-02,0,23.407999999999998,27.828475
2002-05-03,0,24.582600000000003,25.39967857142857
2002-05-04,0,21.0744,29.45184722222222
2002-05-05,0,21.078,32.099375
2002-05-06,0,21.0816,33.825
2002-05-07,0,23.428,29.39416875
2002-05-08,0,21.0888,28.357902777777777
2002-05-09,0,21.092399999999998,30.26825
2002-05-10,0,24.612,25.99988095238095
2002-05-11,0,21.0996,31.99805555555556
2002-05-12,0,23.448,29.0784375
2002-05-13,0,24.6246,28.699238095238094
2002-05-14,0,22.2832,31.432210526315792
2002-05-15,0,22.287,28.40299342105263
2002-05-16,0,23.464,27.4846
2002-05-17,0,23.468,29.53819375
2002-05-18,0,21.1248,28.02041666666667
2002-05-19,0,22.3022,31.683335526315787
2002-05-20,0,23.479999999999997,26.1665
2002-05-21,0,22.3098,26.613
2002-05-22,0,24.662399999999998,25.19014285714286
2002-05-23,0,24.666600000000003,27.30560119047619
2002-05-24,0,24.6708,23.980928571428574
2002-05-25,0,21.150000000000002,31.37065972222222
2002-05-26,0,22.3288,26.861578947368418
2002-05-27,0,24.6834,27.317910714285716
2002-05-28,0,23.512,30.351662500000003
2002-05-29,0,23.516,30.521562499999998
2002-05-30,0,23.52,30.247500000000002
