sinteticos/sales_sint_365_tend.csv
date,item_nbr,unit_sales,price
2002-05-31,0,24.7002,27.013041666666666
2002-06-01,0,24.704400000000003,26.910345238095235
2002-06-02,0,22.355400000000003,31.0905
2002-06-03,0,24.7128,24.431
2002-06-04,0,23.54,27.321375
2002-06-05,0,23.544,26.3803125
2002-06-06,0,21.1932,28.57417361111111
2002-06-07,0,21.1968,33.021388888888886
2002-06-08,0,23.555999999999997,27.555899999999998
2002-06-09,0,23.56,28.5035625
2002-06-10,0,23.564,28.06221875
2002-06-11,0,23.567999999999998,26.12025
2002-06-12,0,23.572000000000003,27.234812500000004
2002-06-13,0,21.218400000000003,32.117222222222225
2002-06-14,0,21.222,29.89708333333333
2002-06-15,0,23.584,27.021600000000003
2002-06-16,0,21.2292,32.251625000000004
2002-06-17,0,23.592,25.9710375
2002-06-18,0,21.2364,33.24765277777778
2002-06-19,0,23.599999999999998,30.093125
2002-06-20,0,21.243599999999997,33.5641875
2002-06-21,0,22.4276,29.985684210526312
2002-06-22,0,22.431400000000004,27.76330263157895
2002-06-23,0,24.7968,24.009
2002-06-24,0,22.439,27.007927631578944
2002-06-25,0,24.8052,25.922821428571428
2002-06-26,0,24.8094,27.887392857142856
2002-06-27,0,23.631999999999998,28.950999999999997
2002-06-28,0,22.4542,28.77841447368421
2002-06-29,0,21.276,32.113125
2002-06-30,0,23.644,25.34065625
2002-07-01,0,22.4656,31.426526315789474
2002-07-02,0,22.4694,27.26674342105263
2002-07-03,0,24.838800000000003,24.460440476190474
2002-07-04,0,24.843,26.9572619047619
2002-07-05,0,23.664,27.249525000000002
2002-07-06,0,24.8514,27.600238095238094
2002-07-07,0,23.672,26.140887499999998
2002-07-08,0,23.676,28.540800000000004
2002-07-09,0,22.496,27.757631578947368
2002-07-10,0,21.3156,31.471305555555553
2002-07-11,0,22.503600000000002,28.350828947368424
2002-07-12,0,24.876600000000003,28.521732142857143
2002-07-13,0,21.3264,29.064972222222224
2002-07-14,0,24.885,28.900000000000002
2002-07-15,0,22.5188,31.41717105263158
2002-07-16,0,23.708,25.553537499999997
2002-07-17,0,23.712,28.1232
2002-07-18,0,23.716,26.95441875
2002-07-19,0,21.348,33.61152777777777
2002-07-20,0,22.537799999999997,27.145539473684213
2002-07-21,0,24.914399999999997,28.12516666666667
2002-07-22,0,23.732,27.022325
2002-07-23,0,24.922800000000002,27.28060714285714
2002-07-24,0,23.740000000000002,28.53615625
2002-07-25,0,24.9312,26.11652380952381
2002-07-26,0,23.748,25.247025
2002-07-27,0,24.9396,28.197261904761906
2002-07-28,0,24.9438,25.806041666666665
2002-07-29,0,21.384,30.793333333333333
2002-07-30,0,24.952199999999998,25.598934523809525
2002-07-31,0,21.3912,32.04216666666667
2002-08-01,0,24.960600000000003,29.171214285714285
2002-08-02,0,21.398400000000002,31.11766666666666
2002-08-03,0,21.402,32.487743055555555
2002-08-04,0,23.784,30.695962499999997
2002-08-05,0,23.788,26.952837499999998
2002-08-06,0,22.6024,30.1995
2002-08-07,0,23.796,26.623275
2002-08-08,0,24.99,28.02202380952381
2002-08-09,0,21.4236,31.26634027777778
2002-08-10,0,24.998399999999997,26.96257142857143
2002-08-11,0,23.811999999999998,28.873424999999997
2002-08-12,0,25.006800000000002,28.887309523809527
2002-08-13,0,23.82,28.3201875
2002-08-14,0,22.6328,31.758447368421052
2002-08-15,0,23.828,26.199225000000002
2002-08-16,0,25.0236,28.686928571428574
2002-08-17,0,23.836,29.5647
2002-08-18,0,23.84,28.616000000000003
2002-08-19,0,23.843999999999998,29.51529375
2002-08-20,0,22.6556,29.892986842105262
2002-08-21,0,25.044600000000003,26.24878571428571
2002-08-22,0,25.0488,27.532285714285717
2002-08-23,0,21.474,33.74326388888889
2002-08-24,0,23.864,30.428362499999995
2002-08-25,0,21.4812,28.520041666666668
2002-08-26,0,23.872,25.83905
2002-08-27,0,23.875999999999998,29.037137499999996
2002-08-28,0,21.491999999999997,31.395000000000003
2002-08-29,0,21.4956,28.5950625
2002-08-30,0,25.0824,28.251119047619046
2002-08-31,0,23.891999999999996,25.573050000000002
2002-09-01,0,25.0908,24.625083333333333
2002-09-02,0,22.705000000000002,29.75921052631579
2002-09-03,0,23.904,29.171999999999997
2002-09-04,0,22.712600000000002,30.17925657894737
2002-09-05,0,23.912,26.148425
2002-09-06,0,22.7202,31.78093421052631
2002-09-07,0,25.116,24.58809523809524
2002-09-08,0,23.924,28.6269375
2002-09-09,0,22.731599999999997,29.486960526315787
2002-09-10,0,23.932000000000002,25.7138375
2002-09-11,0,21.5424,31.63116666666667
2002-09-12,0,22.743000000000002,28.90569078947368
2002-09-13,0,21.5496,28.830083333333338
2002-09-14,0,25.145400000000002,27.228470238095237
2002-09-15,0,21.5568,32.76875
2002-09-16,0,21.5604,30.150604166666668
2002-09-17,0,22.762,30.400394736842106
2002-09-18,0,23.964,27.7597125
2002-09-19,0,25.1664,24.88857142857143
2002-09-20,0,22.7734,31.12051315789474
2002-09-21,0,23.976000000000003,27.65655
2002-09-22,0,25.179000000000002,25.27166666666666
2002-09-23,0,21.5856,34.109833333333334
2002-09-24,0,25.1874,24.31332142857143
2002-09-25,0,23.992,29.131024999999998
2002-09-26,0,21.5964,33.62126388888889
2002-09-27,0,25.2,25.55357142857143
2002-09-28,0,21.6036,31.37848611111111
2002-09-29,0,24.008,29.9879125
2002-09-30,0,21.6108,31.698062500000002
2002-10-01,0,21.614400000000003,31.076305555555553
2002-10-02,0,22.819000000000003,29.562467105263156
2002-10-03,0,22.8228,30.987750000000002
2002-10-04,0,22.8266,27.31728289473684
2002-10-05,0,24.032,27.192899999999995
2002-10-06,0,22.8342,28.864361842105264
2002-10-07,0,24.04,26.128999999999998
2002-10-08,0,21.639599999999998,31.851381944444444
2002-10-09,0,24.048,30.584475
2002-10-10,0,21.6468,31.60809027777778
2002-10-11,0,25.2588,26.827380952380953
2002-10-12,0,25.263,27.474285714285713
2002-10-13,0,21.657600000000002,33.18388888888889
2002-10-14,0,22.8646,29.06796052631579
2002-10-15,0,25.2756,28.288607142857146
2002-10-16,0,25.279799999999998,27.969636904761906
2002-10-17,0,25.284,24.75130952380952
2002-10-18,0,22.8798,32.048289473684214
2002-10-19,0,25.292399999999997,28.24745238095238
2002-10-20,0,25.2966,25.994833333333332
2002-10-21,0,25.300800000000002,27.501714285714286
2002-10-22,0,22.895000000000003,27.19375
2002-10-23,0,25.3092,26.433285714285713
2002-10-24,0,25.3134,28.800428571428572
2002-10-25,0,22.9064,28.806447368421054
2002-10-26,0,24.116,26.974137499999998
2002-10-27,0,24.119999999999997,29.065312499999997
2002-10-28,0,21.711599999999997,30.103333333333335
2002-10-29,0,21.7152,32.741
2002-10-30,0,25.3386,27.42160714285714
2002-10-31,0,22.9292,31.024657894736844
2002-11-01,0,21.726000000000003,32.94010416666667
2002-11-02,0,24.144000000000002,29.084625
2002-11-03,0,22.9406,30.08369736842105
2002-11-04,0,24.152,30.1078375
2002-11-05,0,25.3638,24.85725
2002-11-06,0,25.368,29.057142857142857
2002-11-07,0,25.3722,27.069184523809525
2002-11-08,0,25.376399999999997,28.094785714285713
2002-11-09,0,24.172000000000004,28.3724125
2002-11-10,0,24.176000000000002,25.831925000000002
2002-11-11,0,22.971,29.87230263157895
2002-11-12,0,25.3932,24.714964285714284
2002-11-13,0,22.9786,29.224190789473685
2002-11-14,0,25.401600000000002,27.628714285714285
2002-11-15,0,24.195999999999998,30.8797125
2002-11-16,0,21.78,33.748958333333334
2002-11-17,0,25.414199999999997,28.12275
2002-11-18,0,25.4184,29.580642857142855
2002-11-19,0,23.001399999999997,29.660486842105264
2002-11-20,0,23.0052,31.033776315789478
2002-11-21,0,25.431,28.943660714285716
2002-11-22,0,25.435200000000002,29.270285714285716
2002-11-23,0,25.4394,25.661500000000004
2002-11-24,0,21.8088,28.494958333333333
2002-11-25,0,21.8124,34.28579861111111
2002-11-26,0,21.816,34.3525
2002-11-27,0,25.4562,26.91332738095238
2002-11-28,0,23.0356,31.299671052631577
2002-11-29,0,24.252000000000002,31.154062500000002
2002-11-30,0,21.8304,30.150388888888887
2002-12-01,0,25.473000000000003,28.166249999999998
2002-12-02,0,23.050800000000002,32.14851315789474
2002-12-03,0,23.0546,30.06426315789474
2002-12-04,0,21.8448,32.30475
2002-12-05,0,23.0622,31.80116447368421
2002-12-06,0,23.066,28.52276315789474
2002-12-07,0,24.284,29.0272
2002-12-08,0,24.287999999999997,30.674699999999998
2002-12-09,0,25.5066,27.002976190476193
2002-12-10,0,25.510799999999996,28.734333333333332
2002-12-11,0,24.3,27.168281249999996
2002-12-12,0,21.8736,28.614611111111113
2002-12-13,0,24.308,27.457925
2002-12-14,0,24.312,28.595699999999997
2002-12-15,0,21.8844,29.38065277777778
2002-12-16,0,97.28,6.6539375
2002-12-17,0,94.86359999999999,7.174572115384615
2002-12-18,0,98.52839999999999,6.419067901234569
2002-12-19,0,91.24499999999999,8.068731666666666
2002-12-20,0,107.07840000000002,6.1549261363636365
2002-12-21,0,99.79400000000001,7.589298780487805
2002-12-22,0,94.94160000000001,7.105717948717949
2002-12-23,0,98.60940000000001,6.324439814814815
2002-12-24,0,84.0144,7.7873623188405805
2002-12-25,0,88.8994,7.03463698630137
2002-12-26,0,84.042,8.612445652173912
2002-12-27,0,107.2016,6.856990056818181
2002-12-28,0,96.25359999999999,7.523917721518988
2002-12-29,0,108.4554,6.513244382022473
2002-12-30,0,98.72279999999999,7.0450432098765425
2002-12-31,0,103.61500000000001,6.206
2003-01-01,0,98.7552,6.5131851851851845
2003-01-02,0,110.9654,6.660303571428571
2003-01-03,0,93.9092,7.724438311688313
2003-01-04,0,90.2652,7.439047297297297
2003-01-05,0,108.58,6.96558988764045
2003-01-06,0,104.93719999999999,6.402447674418604
2003-01-07,0,92.7504,7.979220394736843
2003-01-08,0,91.54499999999999,7.176198333333333
2003-01-09,0,102.5472,6.204809523809524
2003-01-10,0,106.227,6.658685344827586
2003-01-11,0,83.0416,8.051444852941176
2003-01-12,0,97.712,6.915628125
2003-01-13,0,84.2904,7.953
2003-01-14,0,95.3004,6.8317499999999995
2003-01-15,0,23.218,32.244605263157894
2003-01-16,0,25.6662,25.92296428571429
2003-01-17,0,23.2256,31.172631578947367
2003-01-18,0,24.451999999999998,26.655524999999997
2003-01-19,0,25.6788,29.403500000000005
2003-01-20,0,24.46,26.034718750000003
2003-01-21,0,25.6872,26.58833333333333
2003-01-22,0,24.468,28.148737500000003
2003-01-23,0,24.472,28.2088125
2003-01-24,0,23.2522,32.03648684210526
2003-01-25,0,24.48,31.350000000000005
2003-01-26,0,23.2598,29.643250000000002
2003-01-27,0,25.7124,25.03120238095238
2003-01-28,0,22.0428,30.34664583333333
2003-01-29,0,23.2712,28.33242105263158
2003-01-30,0,23.275000000000002,32.3577302631579
2003-01-31,0,22.053600000000003,33.652125
2003-02-01,0,22.0572,31.310680555555557
2003-02-02,0,25.7376,28.036
2003-02-03,0,25.7418,25.485124999999996
2003-02-04,0,25.746,28.694285714285712
2003-02-05,0,24.524,27.45006875
2003-02-06,0,25.754399999999997,29.352857142857143
2003-02-07,0,25.758599999999998,26.52919047619047
2003-02-08,0,24.535999999999998,26.71695
2003-02-09,0,23.313000000000002,31.732105263157894
2003-02-10,0,22.0896,29.62855555555555
2003-02-11,0,24.548000000000002,28.324700000000004
2003-02-12,0,23.3244,32.04311842105263
2003-02-13,0,25.7838,27.362601190476187
2003-02-14,0,22.104,33.44986111111111
2003-02-15,0,23.3358,30.610322368421055
2003-02-16,0,23.339599999999997,30.673815789473682
2003-02-17,0,22.1148,32.0005
2003-02-18,0,25.804800000000004,24.765
2003-02-19,0,22.122,33.46815972222222
2003-02-20,0,23.3548,27.07697368421053
2003-02-21,0,25.8174,29.074392857142858
2003-02-22,0,25.8216,25.21145238095238
2003-02-23,0,23.3662,31.35940131578948
2003-02-24,0,25.83,26.251785714285717
2003-02-25,0,25.8342,26.363595238095236
2003-02-26,0,25.8384,25.54933333333333
2003-02-27,0,22.150799999999997,28.9209375
2003-02-28,0,22.1544,33.691805555555554
2003-03-01,0,22.158,29.56302083333333
2003-03-02,0,24.624000000000002,27.35355
2003-03-03,0,22.165200000000002,31.095645833333336
2003-03-04,0,23.4004,28.679
2003-03-05,0,24.636,26.389368750000003
2003-03-06,0,24.64,30.39975
2003-03-07,0,25.8762,24.538392857142853
2003-03-08,0,22.1832,29.585624999999997
2003-03-09,0,22.186799999999998,32.57955555555556
2003-03-10,0,24.656000000000002,30.35575
2003-03-11,0,23.427000000000003,30.449506578947364
2003-03-12,0,24.664,26.1231
2003-03-13,0,22.2012,33.73965277777778
2003-03-14,0,24.672,27.962399999999995
2003-03-15,0,22.2084,29.67190277777778
2003-03-16,0,25.914,29.747916666666665
2003-03-17,0,23.4498,27.995684210526317
2003-03-18,0,25.9224,29.20845238095238
2003-03-19,0,25.926599999999997,29.92145238095238
2003-03-20,0,25.930799999999998,26.047607142857142
2003-03-21,0,24.699999999999996,28.5571875
2003-03-22,0,23.4688,27.829842105263157
2003-03-23,0,23.4726,28.678124999999998
2003-03-24,0,25.9476,28.954404761904765
2003-03-25,0,22.2444,32.89141666666667
2003-03-26,0,24.72,29.835
2003-03-27,0,23.4878,31.771092105263165
2003-03-28,0,22.2552,33.986152777777775
2003-03-29,0,24.732,27.6637875
2003-03-30,0,23.499200000000002,27.189473684210526
2003-03-31,0,22.266000000000002,30.744236111111114
2003-04-01,0,25.9812,28.542214285714287
2003-04-02,0,22.273200000000003,28.773173611111112
2003-04-03,0,24.752000000000002,30.722375000000003
2003-04-04,0,22.2804,33.1186875
2003-04-05,0,25.998,29.37517857142857
2003-04-06,0,24.764,29.526087500000003
2003-04-07,0,24.768,30.73575
2003-04-08,0,22.2948,30.38797222222222
2003-04-09,0,22.298399999999997,29.305874999999997
2003-04-10,0,22.302,32.11864583333333
2003-04-11,0,22.305600000000002,34.42113888888888
2003-04-12,0,23.5486,32.85507236842105
2003-04-13,0,26.0316,26.55375
2003-04-14,0,22.3164,33.21861111111111
2003-04-15,0,23.56,29.83947368421052
2003-04-16,0,22.3236,32.97025
2003-04-17,0,24.808,30.59665
2003-04-18,0,23.571399999999997,33.23978289473684
2003-04-19,0,23.5752,28.64139473684211
2003-04-20,0,22.338,34.710520833333334
2003-04-21,0,23.582800000000002,29.858934210526314
2003-04-22,0,24.828000000000003,29.86520625
2003-04-23,0,22.3488,30.373611111111114
2003-04-24,0,26.0778,29.216648809523807
2003-04-25,0,22.356,33.833958333333335
2003-04-26,0,23.6018,30.178144736842103
2003-04-27,0,22.3632,31.666249999999998
2003-04-28,0,23.609399999999997,30.48775657894737
2003-04-29,0,26.098799999999997,25.009428571428575
2003-04-30,0,24.86,29.257624999999997
2003-05-01,0,26.107200000000002,30.171428571428567
2003-05-02,0,24.868000000000002,26.3836625
2003-05-03,0,24.872,26.386525
2003-05-04,0,22.3884,32.71464583333333
2003-05-05,0,26.124,28.044166666666666
2003-05-06,0,23.6398,27.90565789473684
2003-05-07,0,22.3992,30.74
2003-05-08,0,24.892,30.14768125
2003-05-09,0,24.895999999999997,25.9425
2003-05-10,0,26.145000000000003,26.68660714285714
2003-05-11,0,26.1492,29.60008333333333
2003-05-12,0,22.4172,33.19156944444445
2003-05-13,0,23.6664,27.866131578947368
2003-05-14,0,24.916,29.071349999999995
2003-05-15,0,26.166,29.338214285714287
2003-05-16,0,23.677799999999998,27.875190789473685
2003-05-17,0,24.927999999999997,28.3884
2003-05-18,0,23.685399999999998,28.245690789473684
2003-05-19,0,24.936,26.4900375
2003-05-20,0,24.939999999999998,31.57215625
2003-05-21,0,26.191200000000002,25.838809523809523
2003-05-22,0,23.7006,31.174875
2003-05-23,0,26.1996,29.968511904761904
2003-05-24,0,26.2038,28.48691666666667
2003-05-25,0,22.464,32.01916666666666
2003-05-26,0,26.2122,26.62288095238095
2003-05-27,0,22.4712,32.15445833333334
2003-05-28,0,23.723399999999998,33.20182894736842
2003-05-29,0,22.478399999999997,34.536611111111114
2003-05-30,0,26.229000000000003,29.771101190476195
2003-05-31,0,24.984,31.725337500000002
2003-06-01,0,26.2374,25.484291666666667
2003-06-02,0,22.492800000000003,29.477999999999998
2003-06-03,0,22.4964,34.16991666666667
2003-06-04,0,26.25,27.91517857142857
2003-06-05,0,25.003999999999998,27.00135625
2003-06-06,0,23.7576,31.95592105263158
2003-06-07,0,25.012,27.70116875
2003-06-08,0,26.266799999999996,27.045916666666663
2003-06-09,0,25.019999999999996,31.698374999999995
2003-06-10,0,22.5216,34.06722222222222
2003-06-11,0,26.279400000000003,25.73225595238095
2003-06-12,0,23.7804,28.322171052631575
2003-06-13,0,22.5324,33.49957638888889
2003-06-14,0,22.536,30.67375
2003-06-15,0,23.7918,31.438657894736842
2003-06-16,0,26.3004,28.28217857142857
2003-06-17,0,22.546799999999998,30.55503472222222
2003-06-18,0,25.056000000000004,26.981399999999997
2003-06-19,0,25.060000000000002,31.6168125
2003-06-20,0,26.317200000000003,26.30882142857143
2003-06-21,0,26.3214,28.738732142857142
2003-06-22,0,25.072000000000003,29.77345
2003-06-23,0,25.076,27.4594125
2003-06-24,0,22.572,29.097499999999997
2003-06-25,0,23.8298,30.374723684210526
2003-06-26,0,25.088,27.75805
2003-06-27,0,25.092,28.8622125
2003-06-28,0,26.3508,26.938761904761908
2003-06-29,0,23.845,30.692927631578947
2003-06-30,0,25.104,31.712325
2003-07-01,0,26.363400000000002,27.389238095238095
2003-07-02,0,25.112000000000002,26.790225000000003
2003-07-03,0,22.604400000000002,32.5409375
2003-07-04,0,22.608,33.64
2003-07-05,0,26.3802,29.721297619047622
2003-07-06,0,22.615199999999998,31.197833333333335
2003-07-07,0,22.6188,34.81125
2003-07-08,0,25.136,28.258175000000005
2003-07-09,0,22.626,31.143437499999997
2003-07-10,0,22.629600000000003,32.758944444444445
2003-07-11,0,23.890600000000003,29.93835526315789
2003-07-12,0,22.6368,30.379500000000004
2003-07-13,0,25.156,31.40843125
2003-07-14,0,25.16,27.637749999999997
2003-07-15,0,23.9058,29.278875
2003-07-16,0,26.4264,27.54414285714286
2003-07-17,0,22.654799999999998,34.39700694444444
2003-07-18,0,25.176,27.068775000000002
2003-07-19,0,26.438999999999997,26.22517857142857
2003-07-20,0,25.183999999999997,27.4232
2003-07-21,0,22.6692,34.6700625
2003-07-22,0,22.672800000000002,32.67213888888889
2003-07-23,0,23.9362,31.384124999999997
2003-07-24,0,25.2,28.190625
2003-07-25,0,25.204,30.693299999999997
2003-07-26,0,26.4684,29.677809523809525
2003-07-27,0,26.4726,26.524625000000004
2003-07-28,0,22.694399999999998,29.52727777777778
2003-07-29,0,23.959000000000003,28.22108552631579
2003-07-30,0,26.485200000000003,25.81307142857143
2003-07-31,0,23.9666,32.26834868421053
2003-08-01,0,23.9704,28.90378947368421
2003-08-02,0,25.236,26.23974375
2003-08-03,0,26.502,30.14666666666667
2003-08-04,0,23.9818,29.34190131578947
2003-08-05,0,25.247999999999998,29.565599999999996
2003-08-06,0,23.9894,32.289151315789475
2003-08-07,0,22.7304,29.623694444444443
2003-08-08,0,25.259999999999998,31.84565625
2003-08-09,0,24.000799999999998,28.193157894736842
2003-08-10,0,24.0046,32.67079605263158
2003-08-11,0,25.272000000000002,28.769325
2003-08-12,0,22.7484,33.1989375
