sinteticos/sales_sint_365_tend.csv
date,item_nbr,unit_sales,price
2005-12-31,0,25.8876,34.394625
2006-01-01,0,28.768,30.0027
2006-01-02,0,28.772000000000002,33.445781249999996
2006-01-03,0,28.776000000000003,31.728824999999997
2006-01-04,0,27.341,30.987434210526313
2006-01-05,0,25.9056,38.80144444444444
2006-01-06,0,27.3486,31.060598684210525
2006-01-07,0,28.792,33.908350000000006
2006-01-08,0,28.796,34.931574999999995
2006-01-09,0,30.24,28.71785714285714
2006-01-10,0,28.804,33.08949375
2006-01-11,0,25.9272,37.336486111111114
2006-01-12,0,27.371399999999998,33.89812499999999
2006-01-13,0,30.256800000000002,29.700928571428573
2006-01-14,0,27.379,34.240460526315786
2006-01-15,0,27.3828,32.76663157894737
2006-01-16,0,30.2694,31.653851190476193
2006-01-17,0,27.3904,36.53389473684211
2006-01-18,0,30.2778,29.16857142857143
2006-01-19,0,30.282,31.055416666666666
2006-01-20,0,27.401799999999998,33.11857236842105
2006-01-21,0,28.848000000000003,29.6148
2006-01-22,0,30.294600000000003,30.456625000000003
2006-01-23,0,25.9704,38.586222222222226
2006-01-24,0,30.303,31.009821428571428
2006-01-25,0,25.977600000000002,38.23905555555556
2006-01-26,0,27.4246,33.74298684210527
2006-01-27,0,27.4284,35.897447368421055
2006-01-28,0,30.3198,31.995202380952378
2006-01-29,0,28.88,34.93962500000001
2006-01-30,0,27.439799999999998,35.90798684210526
2006-01-31,0,25.9992,38.190527777777774
2006-02-01,0,30.336599999999997,32.372833333333325
2006-02-02,0,27.451199999999996,35.64947368421053
2006-02-03,0,30.345000000000002,31.831398809523808
2006-02-04,0,27.4588,34.714578947368416
2006-02-05,0,28.908,28.763437500000002
2006-02-06,0,30.3576,28.614047619047618
2006-02-07,0,30.3618,29.591035714285713
2006-02-08,0,28.919999999999998,29.411250000000003
2006-02-09,0,26.031599999999997,35.38220833333333
2006-02-10,0,26.035200000000003,32.96977777777778
2006-02-11,0,28.932000000000002,30.379218750000003
2006-02-12,0,26.0424,37.09825
2006-02-13,0,27.493000000000002,36.96720394736842
2006-02-14,0,28.944000000000003,31.283775000000002
2006-02-15,0,27.5006,35.62745394736842
2006-02-16,0,28.951999999999998,32.7616
2006-02-17,0,30.4038,27.974410714285717
2006-02-18,0,26.064,38.044444444444444
2006-02-19,0,27.5158,35.776125
2006-02-20,0,26.071199999999997,35.13575
2006-02-21,0,26.074799999999996,37.984458333333336
2006-02-22,0,26.0784,36.280833333333334
2006-02-23,0,30.429000000000002,32.503482142857145
2006-02-24,0,27.5348,33.83876315789474
2006-02-25,0,27.5386,30.94324342105263
2006-02-26,0,30.4416,31.598000000000006
2006-02-27,0,26.0964,35.15976388888889
2006-02-28,0,30.45,32.641369047619044
2006-03-01,0,27.5538,35.20409210526316
2006-03-02,0,29.008000000000003,31.5249
2006-03-03,0,30.462600000000002,28.317809523809522
2006-03-04,0,26.114400000000003,35.31933333333333
2006-03-05,0,30.471,30.215625
2006-03-06,0,30.4752,29.119714285714288
2006-03-07,0,26.1252,32.55172916666667
2006-03-08,0,27.5804,32.66363157894737
2006-03-09,0,26.1324,38.54249305555556
2006-03-10,0,30.491999999999997,29.19214285714286
2006-03-11,0,29.043999999999997,34.37435
2006-03-12,0,30.5004,28.709166666666665
2006-03-13,0,26.1468,35.2790625
2006-03-14,0,27.603199999999998,31.33221052631579
2006-03-15,0,29.060000000000002,31.244093750000005
2006-03-16,0,30.517200000000003,30.85910714285714
2006-03-17,0,30.5214,27.989797619047618
2006-03-18,0,26.1648,37.50672222222222
2006-03-19,0,26.1684,34.943125
2006-03-20,0,29.08,34.918
2006-03-21,0,26.1756,36.80441666666667
2006-03-22,0,27.6336,36.01957894736842
2006-03-23,0,30.5466,33.26495238095238
2006-03-24,0,27.6412,35.4858552631579
2006-03-25,0,26.19,33.75052083333333
2006-03-26,0,26.1936,33.82516666666667
2006-03-27,0,26.197200000000002,36.112236111111116
2006-03-28,0,27.6564,34.01206578947369
2006-03-29,0,27.6602,34.3535
2006-03-30,0,30.576,27.902857142857144
2006-03-31,0,26.211599999999997,39.124916666666664
2006-04-01,0,29.128,35.2801125
2006-04-02,0,29.131999999999998,32.648525
2006-04-03,0,27.679199999999998,31.59623684210526
2006-04-04,0,29.14,29.376531250000003
2006-04-05,0,27.6868,31.534710526315788
2006-04-06,0,26.2332,39.00487499999999
2006-04-07,0,27.6944,30.796315789473685
2006-04-08,0,29.156,33.9537
2006-04-09,0,30.618,32.278749999999995
2006-04-10,0,29.163999999999998,31.5161875
2006-04-11,0,27.7096,32.704184210526314
2006-04-12,0,30.6306,27.876875
2006-04-13,0,30.634800000000002,31.494738095238095
2006-04-14,0,29.18,32.23621875
2006-04-15,0,30.6432,29.907428571428568
2006-04-16,0,30.6474,29.236125
2006-04-17,0,26.2728,35.82845833333333
2006-04-18,0,29.195999999999998,29.7383625
2006-04-19,0,29.2,33.539375
2006-04-20,0,29.204,31.8043375
2006-04-21,0,27.7476,32.058197368421055
2006-04-22,0,26.290799999999997,38.636250000000004
2006-04-23,0,29.215999999999998,30.5256
2006-04-24,0,30.681,27.970714285714287
2006-04-25,0,29.224,34.78275
2006-04-26,0,29.228,35.36589375
2006-04-27,0,27.7704,34.925131578947365
2006-04-28,0,27.7742,31.40175657894737
2006-04-29,0,27.778,30.590855263157895
2006-04-30,0,27.7818,35.20663815789474
2006-05-01,0,26.3232,33.800444444444445
2006-05-02,0,27.7894,31.00684868421053
2006-05-03,0,30.7188,29.407178571428574
2006-05-04,0,26.334000000000003,32.30600694444445
2006-05-05,0,26.337600000000002,36.105999999999995
2006-05-06,0,27.8046,37.1955
2006-05-07,0,30.7356,29.725666666666665
2006-05-08,0,26.348399999999998,38.552930555555555
2006-05-09,0,30.744,31.32857142857143
2006-05-10,0,30.748199999999997,32.92890476190476
2006-05-11,0,30.752399999999998,29.61430952380952
2006-05-12,0,26.3628,32.904562500000004
2006-05-13,0,30.760799999999996,33.553
2006-05-14,0,27.835,36.20542763157895
2006-05-15,0,30.7692,28.519428571428573
2006-05-16,0,26.377200000000002,33.77789583333333
2006-05-17,0,26.3808,32.63361111111111
2006-05-18,0,30.7818,33.569250000000004
2006-05-19,0,29.32,30.796312500000003
2006-05-20,0,29.323999999999998,30.47645
2006-05-21,0,27.8616,31.471815789473688
2006-05-22,0,29.332,30.28860625
2006-05-23,0,29.336000000000002,29.064375
2006-05-24,0,30.807000000000002,32.296875
2006-05-25,0,26.4096,32.37177777777778
2006-05-26,0,29.348,32.4323375
2006-05-27,0,29.352,34.761525
2006-05-28,0,30.8238,29.847708333333333
2006-05-29,0,27.892,36.80223684210526
2006-05-30,0,29.363999999999997,29.601112500000003
2006-05-31,0,29.368,30.896725
2006-06-01,0,26.4348,33.61475
2006-06-02,0,30.8448,28.322857142857142
2006-06-03,0,26.441999999999997,33.19020833333334
2006-06-04,0,29.384,30.5207
2006-06-05,0,26.4492,35.783375
2006-06-06,0,30.8616,30.61283333333333
2006-06-07,0,30.8658,30.49258928571429
2006-06-08,0,29.4,32.279062499999995
2006-06-09,0,27.933799999999998,31.870184210526315
2006-06-10,0,26.4672,38.82
2006-06-11,0,26.470800000000004,38.392375
2006-06-12,0,30.8868,33.21908333333333
2006-06-13,0,27.949,33.585625
2006-06-14,0,26.4816,38.25966666666667
2006-06-15,0,29.428,34.89014375
2006-06-16,0,27.9604,34.00422368421053
2006-06-17,0,27.964199999999998,37.07431578947369
2006-06-18,0,27.968,36.464473684210525
2006-06-19,0,27.971799999999998,35.71818421052632
2006-06-20,0,30.920399999999997,32.31957142857143
2006-06-21,0,26.5068,36.12656944444444
2006-06-22,0,26.510399999999997,33.89891666666667
2006-06-23,0,26.513999999999996,34.981875
2006-06-24,0,27.9908,34.50786842105263
2006-06-25,0,27.994600000000002,31.305611842105268
2006-06-26,0,29.472,30.650399999999998
2006-06-27,0,30.9498,29.749154761904762
2006-06-28,0,26.532,35.79090277777778
2006-06-29,0,30.958199999999998,28.52025
2006-06-30,0,28.0136,31.457184210526314
2006-07-01,0,28.017400000000002,37.260907894736846
2006-07-02,0,29.496000000000002,33.0022875
2006-07-03,0,30.975,31.063244047619047
2006-07-04,0,29.504,29.182499999999997
2006-07-05,0,26.5572,39.418187499999995
2006-07-06,0,29.512,35.414925000000004
2006-07-07,0,29.516,31.20186875
2006-07-08,0,30.996,28.483214285714283
2006-07-09,0,26.5716,34.89169444444445
2006-07-10,0,31.004399999999997,28.241511904761904
2006-07-11,0,28.0554,33.3348947368421
2006-07-12,0,28.059199999999997,32.79157894736842
2006-07-13,0,26.586,39.66493055555556
2006-07-14,0,31.0212,28.190571428571428
2006-07-15,0,31.0254,28.811559523809525
2006-07-16,0,28.0744,33.00923684210527
2006-07-17,0,28.0782,31.577092105263155
2006-07-18,0,31.038,28.201428571428576
2006-07-19,0,26.607599999999998,39.03840972222223
2006-07-20,0,28.089599999999997,34.115842105263155
2006-07-21,0,31.050600000000003,32.10694642857143
2006-07-22,0,31.054800000000004,31.61508333333333
2006-07-23,0,29.580000000000002,29.690718750000002
2006-07-24,0,28.1048,36.11242105263158
2006-07-25,0,29.588,31.061037499999998
2006-07-26,0,29.592,32.103825
2006-07-27,0,29.596,33.79675
2006-07-28,0,28.12,35.78421052631579
2006-07-29,0,31.0842,32.936499999999995
2006-07-30,0,29.607999999999997,35.0417375
2006-07-31,0,31.092599999999997,29.908625
2006-08-01,0,26.6544,34.75225
2006-08-02,0,28.138999999999996,31.96799342105263
2006-08-03,0,31.1052,31.83740476190476
2006-08-04,0,31.1094,30.229857142857142
2006-08-05,0,31.1136,30.29471428571428
2006-08-06,0,26.6724,38.96146527777777
2006-08-07,0,26.676,39.18208333333333
2006-08-08,0,28.1618,32.19190789473684
2006-08-09,0,29.648,32.407349999999994
2006-08-10,0,28.1694,34.321796052631576
2006-08-11,0,28.1732,35.96940789473684
2006-08-12,0,26.694000000000003,39.707187499999996
2006-08-13,0,31.1472,33.852000000000004
2006-08-14,0,28.1846,35.43150657894736
2006-08-15,0,26.7048,32.55625
2006-08-16,0,28.1922,33.24483552631579
2006-08-17,0,29.68,31.715875
2006-08-18,0,31.1682,29.278047619047616
2006-08-19,0,29.688,32.8944375
2006-08-20,0,28.2074,31.954723684210528
2006-08-21,0,31.180799999999998,30.46538095238095
2006-08-22,0,28.214999999999996,31.137828947368423
2006-08-23,0,29.704,30.1702375
2006-08-24,0,29.708000000000002,33.757412499999994
2006-08-25,0,29.712,32.131275
2006-08-26,0,31.2018,33.39763095238096
2006-08-27,0,31.206,32.59375
2006-08-28,0,31.2102,30.17539285714286
2006-08-29,0,26.7552,33.976444444444446
2006-08-30,0,26.758799999999997,36.153243055555556
2006-08-31,0,31.222800000000003,30.99146428571429
2006-09-01,0,29.740000000000002,33.261562500000004
2006-09-02,0,28.256800000000002,36.59465789473684
2006-09-03,0,26.773200000000003,39.138749999999995
2006-09-04,0,31.2396,33.17792857142857
2006-09-05,0,28.2682,32.96526315789474
2006-09-06,0,29.759999999999998,32.7555
2006-09-07,0,31.2522,33.001017857142855
2006-09-08,0,28.2796,32.768644736842106
2006-09-09,0,28.2834,34.14586184210526
2006-09-10,0,28.2872,31.606842105263155
2006-09-11,0,28.290999999999997,36.763651315789474
2006-09-12,0,31.273200000000003,29.410464285714287
2006-09-13,0,29.788,35.1280375
2006-09-14,0,29.792,35.4579
2006-09-15,0,29.796,30.824550000000002
2006-09-16,0,29.8,29.8478125
2006-09-17,0,28.3138,34.72207236842105
2006-09-18,0,29.808,29.5269
2006-09-19,0,29.811999999999998,29.595056249999995
2006-09-20,0,29.816000000000003,29.5978875
2006-09-21,0,26.838,37.028124999999996
2006-09-22,0,29.824,30.387749999999997
2006-09-23,0,28.3366,35.70515131578947
2006-09-24,0,26.8488,38.418625
2006-09-25,0,29.836,31.115524999999998
2006-09-26,0,31.332,29.761190476190478
2006-09-27,0,28.3518,31.038888157894736
2006-09-28,0,26.8632,34.873333333333335
2006-09-29,0,29.851999999999997,33.54699375
2006-09-30,0,28.3632,35.10947368421053
2006-10-01,0,28.366999999999997,33.873552631578946
2006-10-02,0,28.370800000000003,32.22426315789474
2006-10-03,0,29.868000000000002,34.083168750000006
2006-10-04,0,29.872,34.871525
2006-10-05,0,26.8884,39.33145138888889
2006-10-06,0,29.88,30.035812500000002
2006-10-07,0,31.3782,30.291107142857143
2006-10-08,0,26.8992,34.543055555555554
2006-10-09,0,28.397399999999998,35.89758552631579
2006-10-10,0,31.390800000000002,33.2300119047619
2006-10-11,0,28.405,36.455756578947366
2006-10-12,0,26.913600000000002,32.810249999999996
2006-10-13,0,26.9172,33.10440972222222
2006-10-14,0,29.912,31.826925
2006-10-15,0,28.4202,34.88403947368421
2006-10-16,0,28.424,31.991578947368424
2006-10-17,0,29.924,33.60470625
2006-10-18,0,29.927999999999997,31.642537499999996
2006-10-19,0,31.4286,33.00897023809524
2006-10-20,0,31.432799999999997,32.32566666666667
2006-10-21,0,29.939999999999998,34.27284375
2006-10-22,0,28.446799999999996,37.04593421052632
2006-10-23,0,28.4506,37.53242105263158
2006-10-24,0,29.952,30.48075
2006-10-25,0,29.956,31.467000000000002
2006-10-26,0,31.458,29.47190476190476
2006-10-27,0,28.465799999999998,33.54359210526316
2006-10-28,0,31.4664,33.34957142857143
2006-10-29,0,31.470599999999997,33.540125
2006-10-30,0,28.477200000000003,36.86707894736842
2006-10-31,0,26.982000000000003,36.80538194444445
2006-11-01,0,31.483200000000004,33.4247619047619
2006-11-02,0,26.9892,34.479729166666665
2006-11-03,0,31.491600000000002,33.80605952380953
2006-11-04,0,28.4962,31.566072368421057
2006-11-05,0,30.0,30.121875
2006-11-06,0,28.5038,33.299223684210524
2006-11-07,0,31.508399999999998,28.317892857142855
2006-11-08,0,31.5126,30.946339285714288
2006-11-09,0,30.016,30.00205
2006-11-10,0,27.017999999999997,35.30847222222222
2006-11-11,0,28.522799999999997,35.73422368421053
2006-11-12,0,31.529399999999995,30.7705
2006-11-13,0,31.5336,32.149476190476186
2006-11-14,0,28.534200000000002,31.31958552631579
2006-11-15,0,31.542,30.341369047619047
2006-11-16,0,28.5418,36.71934868421052
2006-11-17,0,31.5504,32.72485714285715
2006-11-18,0,30.052000000000003,34.49578125
2006-11-19,0,30.056000000000004,30.096324999999997
2006-11-20,0,31.563000000000002,33.42267857142857
2006-11-21,0,28.5608,31.340447368421053
2006-11-22,0,28.564600000000002,33.48834210526316
2006-11-23,0,30.072000000000003,32.6058
2006-11-24,0,31.5798,31.369160714285716
2006-11-25,0,115.808,9.187922077922078
2006-11-26,0,106.7982,9.483718309859157
2006-11-27,0,111.3256,8.993466216216216
2006-11-28,0,114.3496,9.31147039473684
2006-11-29,0,109.8504,8.757986301369863
2006-11-30,0,112.87499999999999,9.525125000000001
2006-12-01,0,127.942,6.965735294117647
2006-12-02,0,133.98059999999998,7.303845505617978
2006-12-03,0,130.9872,7.744735632183908
2006-12-04,0,129.4988,7.789623546511628
2006-12-05,0,137.046,7.550357142857142
2006-12-06,0,112.965,8.600316666666666
2006-12-07,0,105.448,8.9522
2006-12-08,0,122.03460000000001,8.923791666666666
2006-12-09,0,113.01,9.182136666666667
2006-12-10,0,135.63000000000002,7.857354166666667
2006-12-11,0,119.06880000000001,8.802227848101266
2006-12-12,0,131.1438,7.3425933908045975
2006-12-13,0,119.10040000000001,8.437069620253165
2006-12-14,0,117.6084,8.208259615384616
2006-12-15,0,126.672,8.28142857142857
2006-12-16,0,132.7216,7.007369318181818
2006-12-17,0,125.1972,8.208153614457832
2006-12-18,0,137.2826,6.879017857142856
2006-12-19,0,113.16,8.22432
2006-12-20,0,131.283,8.166314655172414
2006-12-21,0,113.19,8.296186666666665
2006-12-22,0,102.63919999999999,9.228625000000001
2006-12-23,0,110.2008,8.904390410958904
2006-12-24,0,135.882,6.593125
2006-12-25,0,28.69,37.20263157894737
2006-12-26,0,28.6938,34.98489473684211
2006-12-27,0,28.697599999999998,34.50226315789474
2006-12-28,0,28.701400000000003,34.22782236842105
2006-12-29,0,30.216,29.8810125
2006-12-30,0,27.198,39.14145833333333
2006-12-31,0,27.201600000000003,37.532444444444444
2007-01-01,0,27.2052,34.456875000000004
2007-01-02,0,28.7204,35.21648684210526
2007-01-03,0,27.212400000000002,40.182861111111116
2007-01-04,0,30.240000000000002,36.036
2007-01-05,0,27.2196,37.11018055555555
2007-01-06,0,31.7604,34.452238095238094
2007-01-07,0,27.226799999999997,36.60372916666667
2007-01-08,0,28.743199999999998,36.001
2007-01-09,0,27.233999999999998,39.985590277777774
2007-01-10,0,30.263999999999996,31.1036625
2007-01-11,0,28.754599999999996,33.091394736842105
2007-01-12,0,31.785599999999995,34.53471428571429
2007-01-13,0,31.7898,31.203714285714284
2007-01-14,0,30.28,32.2385
2007-01-15,0,27.2556,33.25460416666667
2007-01-16,0,30.288,34.821525
2007-01-17,0,31.8066,30.90085119047619
2007-01-18,0,28.781200000000002,35.756815789473684
2007-01-19,0,31.815,32.79508928571428
2007-01-20,0,30.304000000000002,32.2568
2007-01-21,0,30.308,31.003831249999998
2007-01-22,0,28.796400000000002,33.5433947368421
2007-01-23,0,31.8318,28.588488095238098
2007-01-24,0,27.288,33.94416666666667
2007-01-25,0,30.323999999999998,33.39628125
2007-01-26,0,28.8116,37.87242105263158
2007-01-27,0,31.848599999999998,29.040255952380953
2007-01-28,0,30.336,33.8688
2007-01-29,0,28.822999999999997,35.51546052631579
2007-01-30,0,30.343999999999998,31.6918375
2007-01-31,0,27.3132,37.422104166666664
2007-02-01,0,27.316799999999997,40.44027777777779
2007-02-02,0,27.3204,34.04657638888889
2007-02-03,0,31.878,28.744285714285716
2007-02-04,0,28.8458,32.95751973684211
2007-02-05,0,30.368,33.431000000000004
2007-02-06,0,28.8534,37.84209868421053
2007-02-07,0,31.894800000000004,28.37678571428571
2007-02-08,0,31.899,28.82092261904762
2007-02-09,0,28.864800000000002,37.22542105263158
2007-02-10,0,28.8686,35.13742105263158
2007-02-11,0,30.392000000000003,34.70845
2007-02-12,0,28.8762,32.215381578947365
2007-02-13,0,31.92,34.38690476190476
2007-02-14,0,28.8838,33.89530263157894
2007-02-15,0,27.3672,36.149875
2007-02-16,0,27.3708,38.87766666666666
2007-02-17,0,30.415999999999997,30.4865
2007-02-18,0,28.898999999999997,38.024506578947374
2007-02-19,0,30.424,31.2214125
2007-02-20,0,28.906599999999997,33.70513815789474
2007-02-21,0,30.431999999999995,33.945600000000006
2007-02-22,0,27.392400000000002,36.32109027777778
2007-02-23,0,27.396,35.58770833333333
2007-02-24,0,30.444,36.4753125
2007-02-25,0,31.970399999999998,33.60466666666667
2007-02-26,0,28.929399999999998,31.55971052631579
2007-02-27,0,28.933200000000003,31.70234210526316
2007-02-28,0,30.46,34.69778125
2007-03-01,0,28.940800000000003,32.755947368421054
2007-03-02,0,27.421200000000002,35.90610416666667
2007-03-03,0,31.995600000000003,33.56046428571428
2007-03-04,0,31.9998,28.50695833333333
2007-03-05,0,30.48,34.11675
2007-03-06,0,30.484,33.8544375
2007-03-07,0,27.4392,39.758736111111105
2007-03-08,0,28.967399999999998,36.691282894736844
2007-03-09,0,30.496,32.6024
2007-03-10,0,30.5,32.2734375
2007-03-11,0,32.029199999999996,29.4745
