sinteticos/sales_sint_365_tend.csv
date,item_nbr,unit_sales,price
2007-03-12,0,30.507999999999996,31.482487499999994
2007-03-13,0,30.511999999999997,35.47095
2007-03-14,0,32.0418,31.380857142857142
2007-03-15,0,28.994,33.77822368421052
2007-03-16,0,27.4716,33.96013888888889
2007-03-17,0,27.4752,35.366166666666665
2007-03-18,0,29.005399999999998,34.347388157894734
2007-03-19,0,30.536,30.639212500000003
2007-03-20,0,30.540000000000003,30.24328125
2007-03-21,0,32.071200000000005,32.034619047619046
2007-03-22,0,29.0206,32.120940789473686
2007-03-23,0,27.4968,34.72125
2007-03-24,0,30.556,33.246874999999996
2007-03-25,0,32.088,30.78
2007-03-26,0,27.5076,39.829854166666664
2007-03-27,0,32.0964,30.02564285714286
2007-03-28,0,32.1006,33.005970238095244
2007-03-29,0,32.1048,31.551857142857145
2007-03-30,0,29.051,35.716776315789474
2007-03-31,0,29.054799999999997,33.05863157894737
2007-04-01,0,29.0586,32.78155263157895
2007-04-02,0,32.121599999999994,30.232714285714287
2007-04-03,0,30.596,36.472825
2007-04-04,0,32.13,29.414285714285715
2007-04-05,0,29.0738,33.49459210526316
2007-04-06,0,30.608,35.551050000000004
2007-04-07,0,32.1426,32.46628571428571
2007-04-08,0,32.146800000000006,33.357166666666664
2007-04-09,0,29.089000000000002,37.22240131578947
2007-04-10,0,32.1552,30.762857142857143
2007-04-11,0,30.628,33.36973125
2007-04-12,0,29.1004,38.35477631578947
2007-04-13,0,32.1678,32.674910714285716
2007-04-14,0,27.576,33.83069444444445
2007-04-15,0,30.644,35.0480375
2007-04-16,0,32.1804,33.382214285714284
2007-04-17,0,27.5868,38.06098611111111
2007-04-18,0,30.656,36.3909
2007-04-19,0,29.127,33.187796052631576
2007-04-20,0,32.197199999999995,32.63288095238095
2007-04-21,0,32.2014,34.66775
2007-04-22,0,27.604799999999997,34.671
2007-04-23,0,30.676000000000002,34.87429375
2007-04-24,0,27.612000000000002,36.678125
2007-04-25,0,27.6156,35.866416666666666
2007-04-26,0,30.688,30.3485
2007-04-27,0,29.1574,33.774427631578945
2007-04-28,0,27.626400000000004,40.76875
2007-04-29,0,27.630000000000003,39.21579861111111
2007-04-30,0,29.1688,34.41605263157895
2007-05-01,0,27.6372,33.88464583333333
2007-05-02,0,29.1764,36.389500000000005
2007-05-03,0,29.1802,32.669309210526315
2007-05-04,0,27.648,39.45666666666667
2007-05-05,0,32.2602,33.56885714285715
2007-05-06,0,32.2644,30.265666666666668
2007-05-07,0,27.6588,38.651687499999994
2007-05-08,0,30.735999999999997,36.52592500000001
2007-05-09,0,27.665999999999997,37.471701388888896
2007-05-10,0,32.2812,32.31242857142857
2007-05-11,0,30.747999999999998,34.13160625
2007-05-12,0,32.2896,29.90095238095238
2007-05-13,0,32.2938,30.66725
2007-05-14,0,30.76,34.208
2007-05-15,0,27.6876,33.55786111111111
2007-05-16,0,32.3064,33.22157142857143
2007-05-17,0,27.6948,39.059152777777776
2007-05-18,0,32.3148,33.100476190476186
2007-05-19,0,29.241000000000003,32.085
2007-05-20,0,30.784000000000002,31.21895
2007-05-21,0,27.709200000000003,40.633743055555556
2007-05-22,0,29.2524,31.882855263157893
2007-05-23,0,30.796,34.9054875
2007-05-24,0,27.72,39.010416666666664
2007-05-25,0,29.2638,32.24380263157895
2007-05-26,0,29.2676,33.373342105263156
2007-05-27,0,30.811999999999998,35.3199
2007-05-28,0,30.816,31.108500000000003
2007-05-29,0,30.82,34.6574375
2007-05-30,0,29.282799999999998,37.40056578947368
2007-05-31,0,29.286599999999996,32.89584868421053
2007-06-01,0,30.831999999999997,35.804875
2007-06-02,0,29.294199999999996,32.90199342105263
2007-06-03,0,29.298000000000002,36.42809210526316
2007-06-04,0,29.3018,32.626269736842104
2007-06-05,0,27.7632,39.57488888888889
2007-06-06,0,27.7668,39.87616666666667
2007-06-07,0,30.855999999999998,36.025825
2007-06-08,0,27.774,40.55329861111111
2007-06-09,0,29.320800000000002,37.506
2007-06-10,0,27.781200000000002,38.62585416666667
2007-06-11,0,30.872,35.1684375
2007-06-12,0,27.788400000000003,36.5488125
2007-06-13,0,29.336000000000002,37.8021052631579
2007-06-14,0,29.3398,32.02193421052632
2007-06-15,0,29.3436,38.37347368421052
2007-06-16,0,27.802799999999998,38.12622222222222
2007-06-17,0,27.8064,34.62958333333333
2007-06-18,0,32.445,32.81339285714285
2007-06-19,0,27.813599999999997,33.816694444444444
2007-06-20,0,30.907999999999998,34.058225
2007-06-21,0,32.4576,29.629714285714286
2007-06-22,0,27.824399999999997,38.14755555555555
2007-06-23,0,27.828,36.213750000000005
2007-06-24,0,30.924,36.351262500000004
2007-06-25,0,30.928,35.080225
2007-06-26,0,27.8388,40.323284722222226
2007-06-27,0,27.842399999999998,38.83620833333333
2007-06-28,0,29.393000000000004,34.676874999999995
2007-06-29,0,30.944000000000003,32.1409
2007-06-30,0,29.4006,38.07396710526316
2007-07-01,0,27.8568,37.955847222222225
2007-07-02,0,30.956000000000003,34.096325
2007-07-03,0,27.864,34.30833333333334
2007-07-04,0,30.964,35.8480875
2007-07-05,0,29.4196,33.922105263157896
2007-07-06,0,27.8748,33.944895833333334
2007-07-07,0,32.5248,30.633190476190478
2007-07-08,0,32.528999999999996,33.386250000000004
2007-07-09,0,30.983999999999998,31.364887500000002
2007-07-10,0,32.5374,29.938071428571426
2007-07-11,0,27.892799999999998,34.55780555555556
2007-07-12,0,32.5458,33.71858928571429
2007-07-13,0,29.45,35.14967105263158
2007-07-14,0,31.004,34.4032
2007-07-15,0,31.008,35.48159999999999
2007-07-16,0,32.562599999999996,33.92315476190476
2007-07-17,0,27.9144,38.38580555555556
2007-07-18,0,32.571000000000005,30.4725
2007-07-19,0,32.5752,29.899119047619045
2007-07-20,0,31.028000000000002,30.455756249999997
2007-07-21,0,32.583600000000004,32.274
2007-07-22,0,31.036,30.32693125
2007-07-23,0,32.592,31.191190476190474
2007-07-24,0,29.4918,38.86703289473684
2007-07-25,0,27.9432,38.26488888888889
2007-07-26,0,31.052,33.4998375
2007-07-27,0,31.055999999999997,34.781175
2007-07-28,0,31.06,35.255375
2007-07-29,0,29.5108,38.955921052631574
2007-07-30,0,27.961199999999998,36.26385416666666
2007-07-31,0,29.518399999999996,34.004210526315795
2007-08-01,0,27.968399999999995,40.832458333333335
2007-08-02,0,29.526,34.86078947368421
2007-08-03,0,31.084,34.93843125
2007-08-04,0,32.6424,29.68711904761905
2007-08-05,0,27.9828,41.146875
2007-08-06,0,27.9864,35.688875
2007-08-07,0,31.1,34.14328125
2007-08-08,0,27.9936,34.123999999999995
2007-08-09,0,27.997200000000003,39.740187500000005
2007-08-10,0,32.6676,32.97554761904762
2007-08-11,0,28.0044,38.69960416666667
2007-08-12,0,28.008000000000003,40.05069444444444
2007-08-13,0,31.124000000000002,36.722781250000004
2007-08-14,0,29.5716,35.67990789473684
2007-08-15,0,28.0188,39.912076388888885
2007-08-16,0,28.022399999999998,39.46644444444444
2007-08-17,0,28.026,36.549166666666665
2007-08-18,0,31.144,31.549049999999998
2007-08-19,0,32.7054,31.590499999999995
2007-08-20,0,32.709599999999995,33.905142857142856
2007-08-21,0,32.7138,33.201863095238096
2007-08-22,0,29.602,38.474868421052626
2007-08-23,0,31.164,34.6660875
2007-08-24,0,28.0512,38.29661111111111
2007-08-25,0,32.7306,29.166797619047617
2007-08-26,0,29.6172,32.59503947368421
2007-08-27,0,32.739000000000004,32.83479166666667
2007-08-28,0,32.7432,28.982119047619044
2007-08-29,0,32.7474,29.820285714285717
2007-08-30,0,28.0728,39.742638888888884
2007-08-31,0,29.636200000000002,34.81256578947369
2007-09-01,0,29.64,38.86578947368422
2007-09-02,0,31.204,35.98083125
2007-09-03,0,29.6476,36.10142105263158
2007-09-04,0,32.7726,29.643946428571432
2007-09-05,0,29.6552,33.62034210526316
2007-09-06,0,32.781,29.58511904761905
2007-09-07,0,31.223999999999997,32.282925
2007-09-08,0,28.105199999999996,34.67245833333334
2007-09-09,0,31.232,32.9644
2007-09-10,0,28.112399999999997,34.9040625
2007-09-11,0,31.240000000000002,31.8219375
2007-09-12,0,31.244,33.9195125
2007-09-13,0,31.248,34.5984
2007-09-14,0,31.252,35.07466875
2007-09-15,0,29.6932,32.29971052631579
2007-09-16,0,32.823,30.9
2007-09-17,0,28.137600000000003,38.306666666666665
2007-09-18,0,31.268,36.9130125
2007-09-19,0,32.8356,29.55632142857143
2007-09-20,0,29.712200000000003,35.80234868421052
2007-09-21,0,32.844,34.907380952380954
2007-09-22,0,32.8482,30.723910714285715
2007-09-23,0,28.1592,34.495124999999994
2007-09-24,0,31.292,30.4396875
2007-09-25,0,28.1664,39.98866666666667
2007-09-26,0,32.865,31.50848214285714
2007-09-27,0,31.304,31.0570875
2007-09-28,0,29.7426,33.193302631578945
2007-09-29,0,32.8776,29.90590476190476
2007-09-30,0,28.184399999999997,39.10472222222222
2007-10-01,0,29.753999999999998,38.831250000000004
2007-10-02,0,32.8902,34.16922619047619
2007-10-03,0,32.8944,29.014285714285712
2007-10-04,0,29.7654,36.347565789473684
2007-10-05,0,31.336,31.2154625
2007-10-06,0,28.206,39.42736111111111
2007-10-07,0,29.7768,35.64473684210526
2007-10-08,0,32.915400000000005,33.34957738095238
2007-10-09,0,31.352000000000004,37.1878875
2007-10-10,0,29.788200000000003,34.44234868421053
2007-10-11,0,28.224,34.25138888888889
2007-10-12,0,32.9322,29.68369047619048
2007-10-13,0,28.2312,33.95654166666667
2007-10-14,0,31.372,34.426525
2007-10-15,0,31.375999999999998,33.20975
2007-10-16,0,28.241999999999997,38.3340625
2007-10-17,0,28.2456,40.37122222222222
2007-10-18,0,29.818599999999996,38.39267105263158
2007-10-19,0,29.8224,36.18378947368421
2007-10-20,0,32.965799999999994,33.77397023809524
2007-10-21,0,32.97,29.966666666666665
2007-10-22,0,28.2636,40.9173125
2007-10-23,0,31.408,34.929875
2007-10-24,0,29.8414,36.91448026315789
2007-10-25,0,32.9868,34.04796428571428
2007-10-26,0,29.849,34.20753289473684
2007-10-27,0,28.281600000000005,38.222166666666666
2007-10-28,0,29.856600000000004,33.7852697368421
2007-10-29,0,29.860400000000002,37.57439473684211
2007-10-30,0,31.436,37.12420625
2007-10-31,0,29.868000000000002,34.15184210526316
2007-11-01,0,33.0162,33.940625000000004
2007-11-02,0,31.448,30.549375
2007-11-03,0,31.451999999999998,34.21845
2007-11-04,0,28.3104,35.91155555555556
2007-11-05,0,29.887,35.02532894736842
2007-11-06,0,31.464,35.450325
2007-11-07,0,29.894599999999997,34.60281578947369
2007-11-08,0,28.324799999999996,40.67952777777778
2007-11-09,0,28.3284,41.36258333333333
2007-11-10,0,31.479999999999997,31.319187500000005
2007-11-11,0,28.3356,39.93582638888889
2007-11-12,0,29.9136,36.54994736842105
2007-11-13,0,33.0666,33.39564285714286
2007-11-14,0,31.496,32.5540375
2007-11-15,0,33.074999999999996,34.308035714285715
2007-11-16,0,33.0792,31.52745238095238
2007-11-17,0,28.357200000000002,39.429125
2007-11-18,0,28.3608,39.58383333333333
2007-11-19,0,31.516000000000002,35.560731249999996
2007-11-20,0,115.048,8.420821917808219
2007-11-21,0,121.3674,8.31972564935065
2007-11-22,0,126.112,7.9404593750000005
2007-11-23,0,110.362,9.542058928571429
2007-11-24,0,140.3352,8.254719101123595
2007-11-25,0,115.121,9.0211301369863
2007-11-26,0,134.06199999999998,7.572173529411764
2007-11-27,0,113.5728,9.734036458333334
2007-11-28,0,124.6304,8.648379746835444
2007-11-29,0,110.446,9.858433928571428
2007-11-30,0,134.13,8.567867647058824
2007-12-01,0,138.8816,7.580383522727273
2007-12-02,0,112.0664,9.83731690140845
2007-12-03,0,142.074,6.883770833333333
2007-12-04,0,126.304,8.6471125
2007-12-05,0,107.372,9.713373161764705
2007-12-06,0,137.3904,7.67103448275862
2007-12-07,0,131.0902,8.894840361445784
2007-12-08,0,143.74360000000001,7.57470879120879
2007-12-09,0,113.74560000000001,9.49878125
2007-12-10,0,134.3,8.207058823529412
2007-12-11,0,142.21800000000002,7.676120833333334
2007-12-12,0,131.1732,8.48845481927711
2007-12-13,0,142.254,7.526098611111111
2007-12-14,0,110.656,10.572985714285714
2007-12-15,0,128.061,7.640231481481481
2007-12-16,0,120.1712,9.363375
2007-12-17,0,139.1632,7.095747159090909
2007-12-18,0,113.87519999999999,9.582374999999999
2007-12-19,0,124.9622,8.337099683544302
2007-12-20,0,28.476,37.351597222222225
2007-12-21,0,30.0618,37.97315131578947
2007-12-22,0,30.0656,38.909894736842105
2007-12-23,0,30.0694,34.17492105263158
2007-12-24,0,28.4904,40.018
2007-12-25,0,28.494,36.686527777777776
2007-12-26,0,28.497600000000002,37.52375
2007-12-27,0,28.501200000000004,39.043437499999996
2007-12-28,0,30.088400000000004,35.05252631578947
2007-12-29,0,33.2598,31.522113095238097
2007-12-30,0,33.264,31.59
2007-12-31,0,33.2682,34.648172619047614
2008-01-01,0,30.1036,34.70609210526316
2008-01-02,0,28.5228,41.340520833333336
2008-01-03,0,33.2808,35.43797619047619
2008-01-04,0,31.7,32.43359375
2008-01-05,0,33.2892,31.022035714285717
2008-01-06,0,33.2934,33.5615
2008-01-07,0,28.540799999999997,37.489111111111114
2008-01-08,0,33.3018,32.72194642857143
2008-01-09,0,33.306,34.806845238095235
2008-01-10,0,31.724,36.823806250000004
2008-01-11,0,28.5552,39.173
2008-01-12,0,33.3186,33.124386904761906
2008-01-13,0,31.736,32.391975
2008-01-14,0,31.74,34.10353125
2008-01-15,0,28.5696,36.75711111111111
2008-01-16,0,30.160600000000002,37.559960526315784
2008-01-17,0,30.1644,39.002605263157896
2008-01-18,0,30.168200000000002,36.41535526315789
2008-01-19,0,28.584000000000003,39.27763888888889
2008-01-20,0,30.175800000000002,37.501717105263154
2008-01-21,0,28.5912,41.79236111111111
2008-01-22,0,28.5948,38.90844444444444
2008-01-23,0,33.3648,29.83542857142857
2008-01-24,0,31.78,34.0663125
2008-01-25,0,28.6056,41.35155555555556
2008-01-26,0,30.1986,36.658046052631576
2008-01-27,0,31.791999999999998,33.1177
2008-01-28,0,31.796,32.29955
2008-01-29,0,28.619999999999997,37.56458333333333
2008-01-30,0,30.213799999999996,37.68008552631579
2008-01-31,0,31.808,37.57905
2008-02-01,0,33.4026,31.685464285714282
2008-02-02,0,30.2252,36.60942105263158
2008-02-03,0,30.229,37.765921052631576
2008-02-04,0,33.4152,34.36792857142857
2008-02-05,0,28.645200000000003,36.90378472222222
2008-02-06,0,33.4236,35.87440476190476
2008-02-07,0,31.836000000000002,33.150974999999995
2008-02-08,0,33.432,34.83714285714286
2008-02-09,0,33.4362,35.10129761904762
2008-02-10,0,30.2556,37.140986842105264
2008-02-11,0,31.852,36.0408625
2008-02-12,0,33.4488,32.63095238095238
2008-02-13,0,33.453,31.393839285714286
2008-02-14,0,30.270799999999998,32.75371052631579
2008-02-15,0,30.2746,37.37438157894737
2008-02-16,0,30.278399999999998,33.48126315789474
2008-02-17,0,33.4698,34.735166666666665
2008-02-18,0,28.691999999999997,40.83277777777778
2008-02-19,0,33.478199999999994,32.455875
2008-02-20,0,30.2936,36.597394736842105
2008-02-21,0,33.4866,34.159994047619044
2008-02-22,0,30.3012,33.64397368421053
2008-02-23,0,33.495,29.854613095238097
2008-02-24,0,33.4992,35.34533333333333
2008-02-25,0,31.908,33.0682125
2008-02-26,0,30.3164,39.50635526315789
2008-02-27,0,31.916000000000004,32.04495625
2008-02-28,0,30.324,33.66236842105263
2008-02-29,0,28.7316,35.15445138888889
2008-03-01,0,28.7352,37.29304166666667
2008-03-02,0,33.5286,34.060375
2008-03-03,0,28.7424,40.73233333333334
2008-03-04,0,28.746,36.54038194444444
2008-03-05,0,33.541199999999996,34.65821428571429
2008-03-06,0,28.7532,41.73534027777778
2008-03-07,0,31.951999999999998,32.071225
2008-03-08,0,30.358199999999997,36.65409868421053
2008-03-09,0,33.558,34.670833333333334
2008-03-10,0,30.365799999999997,38.39619078947368
2008-03-11,0,30.369600000000002,35.36242105263158
2008-03-12,0,31.972,33.73476875
2008-03-13,0,28.7784,40.31133333333333
2008-03-14,0,33.579,33.70491071428572
2008-03-15,0,28.7856,34.89702777777778
2008-03-16,0,30.388600000000004,37.259572368421054
2008-03-17,0,28.792800000000003,38.111125
2008-03-18,0,31.996000000000002,32.790768750000005
2008-03-19,0,32.0,36.1625
2008-03-20,0,32.004000000000005,32.79673125
2008-03-21,0,30.407600000000002,37.059368421052625
2008-03-22,0,33.6126,31.568130952380955
2008-03-23,0,28.8144,35.45733333333333
2008-03-24,0,33.621,32.75297619047619
2008-03-25,0,33.6252,31.576738095238095
2008-03-26,0,28.8252,36.231375
2008-03-27,0,32.032,36.9456
2008-03-28,0,32.036,36.604925
2008-03-29,0,30.438,35.42032894736842
2008-03-30,0,32.044,34.89110625
2008-03-31,0,30.445600000000002,37.67263157894737
2008-04-01,0,32.052,35.998743749999996
2008-04-02,0,30.4532,39.78082894736842
2008-04-03,0,33.663,35.011964285714285
2008-04-04,0,32.064,31.3956
2008-04-05,0,32.068000000000005,34.49698125
2008-04-06,0,30.468400000000003,37.113263157894735
2008-04-07,0,30.4722,35.44928289473684
2008-04-08,0,30.476000000000003,37.41
2008-04-09,0,32.084,31.340968750000002
2008-04-10,0,32.088,32.3082375
2008-04-11,0,32.092,36.513687499999996
2008-04-12,0,28.886400000000002,34.45
2008-04-13,0,33.705,31.89375
2008-04-14,0,28.8936,36.829902777777775
2008-04-15,0,30.502599999999997,34.16919078947369
2008-04-16,0,30.5064,36.42142105263158
2008-04-17,0,28.9044,35.07834722222222
2008-04-18,0,32.12,35.02025
2008-04-19,0,32.123999999999995,31.78306875
2008-04-20,0,33.7344,30.46933333333333
2008-04-21,0,30.5254,32.95382894736842
2008-04-22,0,33.7428,34.809642857142855
2008-04-23,0,28.926,40.84482638888889
2008-04-24,0,28.9296,41.308361111111104
2008-04-25,0,30.540600000000005,38.339052631578944
2008-04-26,0,32.152,36.701350000000005
2008-04-27,0,33.7638,34.56258333333333
2008-04-28,0,33.768,29.768571428571427
2008-04-29,0,28.9476,41.32707638888889
2008-04-30,0,32.168,31.74575
2008-05-01,0,33.7806,33.19473214285714
2008-05-02,0,33.7848,30.371000000000002
2008-05-03,0,32.18,35.7581875
2008-05-04,0,32.184,33.3451125
2008-05-05,0,28.9692,40.81252777777778
2008-05-06,0,28.9728,40.432611111111115
2008-05-07,0,28.976399999999998,36.75327083333333
2008-05-08,0,33.809999999999995,33.610416666666666
2008-05-09,0,30.593799999999998,33.66192763157895
2008-05-10,0,32.208,33.501374999999996
2008-05-11,0,28.9908,39.99036805555556
2008-05-12,0,32.216,32.747475
2008-05-13,0,30.608999999999998,36.437861842105264
2008-05-14,0,33.8352,34.87904761904762
2008-05-15,0,30.616600000000002,35.28055921052632
2008-05-16,0,29.0088,41.92825
2008-05-17,0,33.8478,32.38707142857143
2008-05-18,0,29.016000000000002,36.17541666666667
2008-05-19,0,30.631800000000002,37.18533552631579
2008-05-20,0,30.6356,38.13478947368421
2008-05-21,0,33.8646,34.835279761904765
2008-05-22,0,33.8688,35.10185714285714
2008-05-23,0,30.647,38.43631578947368
2008-05-24,0,32.263999999999996,34.857899999999994
2008-05-25,0,32.268,36.6594375
2008-05-26,0,32.272,32.581425
2008-05-27,0,32.275999999999996,31.685012499999996
2008-05-28,0,29.052,35.20875
2008-05-29,0,32.284,36.811075
2008-05-30,0,32.288,31.139999999999997
