sinteticos/sales_sint_365_tend.csv
date,item_nbr,unit_sales,price
2010-11-20,0,129.2544,11.185916666666666
2010-11-21,0,125.678,10.993174999999999
2010-11-22,0,134.67,10.48075
2010-11-23,0,138.27659999999997,10.539964285714285
2010-11-24,0,147.272,8.291036585365854
2010-11-25,0,127.53020000000001,11.031801056338029
2010-11-26,0,125.748,10.591232142857143
2010-11-27,0,158.1008,7.761715909090909
2010-11-28,0,163.5088,8.642307692307693
2010-11-29,0,122.19600000000001,10.530937499999999
2010-11-30,0,122.20960000000001,11.258908088235295
2010-12-01,0,149.1842,9.640147590361446
2010-12-02,0,125.83200000000001,10.061357142857142
2010-12-03,0,160.0042,9.109619382022473
2010-12-04,0,37.758,34.114404761904765
2010-12-05,0,35.964,40.09490625
2010-12-06,0,37.7664,32.335571428571434
2010-12-07,0,32.3748,44.55732638888889
2010-12-08,0,37.7748,32.555142857142854
2010-12-09,0,34.181,40.562039473684216
2010-12-10,0,35.983999999999995,40.861375
2010-12-11,0,34.1886,38.832394736842105
2010-12-12,0,37.791599999999995,34.63708333333334
2010-12-13,0,34.1962,36.78640789473685
2010-12-14,0,32.4,42.833333333333336
2010-12-15,0,34.2038,40.74023684210527
2010-12-16,0,36.008,36.8311375
2010-12-17,0,36.012,39.08476875
2010-12-18,0,34.215199999999996,42.724763157894735
2010-12-19,0,34.219,38.85828947368421
2010-12-20,0,34.2228,40.44126315789474
2010-12-21,0,32.425200000000004,41.69097222222222
2010-12-22,0,32.4288,42.52833333333333
2010-12-23,0,34.2342,37.844151315789475
2010-12-24,0,36.04,37.53125
2010-12-25,0,37.8462,37.10541071428571
2010-12-26,0,36.048,40.2402
2010-12-27,0,37.8546,36.25351785714285
2010-12-28,0,34.2532,40.46821052631579
2010-12-29,0,37.863,39.04875
2010-12-30,0,37.8672,35.547333333333334
2010-12-31,0,37.871399999999994,35.97947023809524
2011-01-01,0,36.071999999999996,39.809625000000004
2011-01-02,0,34.2722,40.564125
2011-01-03,0,36.08,38.01325
2011-01-04,0,34.2798,41.361730263157895
2011-01-05,0,36.088,34.7886625
2011-01-06,0,32.4828,42.24748611111111
2011-01-07,0,34.291199999999996,37.495894736842104
2011-01-08,0,36.1,36.8265625
2011-01-09,0,36.104,37.430924999999995
2011-01-10,0,32.4972,43.01322916666667
2011-01-11,0,32.5008,45.4391111111111
2011-01-12,0,36.116,36.989175
2011-01-13,0,37.926,38.95428571428572
2011-01-14,0,32.5116,38.85010416666666
2011-01-15,0,36.128,39.48
2011-01-16,0,32.5188,45.12375
2011-01-17,0,36.135999999999996,37.455825
2011-01-18,0,36.14,33.998875000000005
2011-01-19,0,32.5296,39.95283333333334
2011-01-20,0,37.9554,36.82748809523809
2011-01-21,0,36.152,40.62825
2011-01-22,0,32.5404,43.8921875
2011-01-23,0,34.352000000000004,40.87263157894737
2011-01-24,0,32.5476,44.568423611111115
2011-01-25,0,34.3596,38.50271052631579
2011-01-26,0,32.5548,38.72159027777777
2011-01-27,0,32.5584,38.975722222222224
2011-01-28,0,32.562000000000005,39.731770833333336
2011-01-29,0,36.184000000000005,34.9334
2011-01-30,0,36.188,39.9056875
2011-01-31,0,32.5728,41.58233333333333
2011-02-01,0,32.5764,43.84497222222222
2011-02-02,0,34.39,39.32105263157895
2011-02-03,0,34.3938,37.50080921052632
2011-02-04,0,34.3976,43.212763157894734
2011-02-05,0,38.0226,33.21749404761905
2011-02-06,0,36.216,39.401512499999995
2011-02-07,0,38.031,35.806220238095236
2011-02-08,0,34.4128,37.595684210526315
2011-02-09,0,34.416599999999995,39.81982894736842
2011-02-10,0,32.608799999999995,41.951791666666665
2011-02-11,0,38.047799999999995,36.17700000000001
2011-02-12,0,32.616,44.973749999999995
2011-02-13,0,34.4318,40.705875
2011-02-14,0,36.248,36.18600000000001
2011-02-15,0,38.0646,37.98408928571428
2011-02-16,0,32.6304,43.732
2011-02-17,0,32.634,43.48427083333333
2011-02-18,0,38.077200000000005,37.56260714285714
2011-02-19,0,36.268,38.68981875
2011-02-20,0,38.0856,36.49133333333333
2011-02-21,0,38.089800000000004,33.11791071428571
2011-02-22,0,32.652,40.903888888888886
2011-02-23,0,36.284,35.0059
2011-02-24,0,34.4736,39.07515789473684
2011-02-25,0,34.4774,40.50809210526316
2011-02-26,0,36.296,34.561825
2011-02-27,0,34.485,41.30921052631579
2011-02-28,0,38.1192,38.45630952380952
2011-03-01,0,36.308,41.212762500000004
2011-03-02,0,38.1276,33.28639285714286
2011-03-03,0,36.315999999999995,40.6156375
2011-03-04,0,32.687999999999995,43.79
2011-03-05,0,34.5078,36.719881578947366
2011-03-06,0,36.328,39.4930375
2011-03-07,0,36.332,39.64734375
2011-03-08,0,32.7024,40.95133333333333
2011-03-09,0,38.157,38.0533630952381
2011-03-10,0,38.1612,35.39471428571429
2011-03-11,0,34.5306,41.11170394736842
2011-03-12,0,32.7168,41.63644444444445
2011-03-13,0,36.356,40.800375
2011-03-14,0,34.542,39.37203947368421
2011-03-15,0,36.364000000000004,40.504850000000005
2011-03-16,0,34.5496,38.66257894736842
2011-03-17,0,34.553399999999996,38.267980263157895
2011-03-18,0,32.7384,37.87773611111112
2011-03-19,0,34.561,41.53677631578947
2011-03-20,0,38.203199999999995,38.088
2011-03-21,0,38.2074,37.58710714285715
2011-03-22,0,36.391999999999996,39.545337499999995
2011-03-23,0,32.7564,39.48979166666667
2011-03-24,0,36.4,36.14875
2011-03-25,0,34.583800000000004,43.78651315789473
2011-03-26,0,32.7672,44.54208333333333
2011-03-27,0,32.7708,39.50284722222222
2011-03-28,0,38.2368,38.25728571428571
2011-03-29,0,38.241,34.58571428571429
2011-03-30,0,38.245200000000004,34.156214285714285
2011-03-31,0,32.7852,43.719722222222224
2011-04-01,0,34.6104,43.41355263157895
2011-04-02,0,32.7924,42.29740972222222
2011-04-03,0,38.262,34.52791666666666
2011-04-04,0,32.7996,37.930979166666674
2011-04-05,0,38.2704,37.633714285714284
2011-04-06,0,32.8068,43.65727083333333
2011-04-07,0,36.456,35.5091625
2011-04-08,0,38.283,32.88357142857143
2011-04-09,0,34.6408,39.61613157894737
2011-04-10,0,38.291399999999996,32.74475
2011-04-11,0,32.824799999999996,40.47748611111111
2011-04-12,0,32.828399999999995,39.13427083333333
2011-04-13,0,34.656,41.62263157894737
2011-04-14,0,34.659800000000004,43.53990789473684
2011-04-15,0,34.6636,42.66625
2011-04-16,0,36.492,35.53554375
2011-04-17,0,32.8464,39.403
2011-04-18,0,38.324999999999996,37.601934523809526
2011-04-19,0,38.3292,34.21264285714286
2011-04-20,0,38.333400000000005,34.07109523809523
2011-04-21,0,34.6864,38.298947368421054
2011-04-22,0,34.690200000000004,42.37170394736842
2011-04-23,0,34.694,38.38506578947368
2011-04-24,0,32.8716,40.60515277777778
2011-04-25,0,32.8752,42.125
2011-04-26,0,36.532,36.702324999999995
2011-04-27,0,38.3628,33.44072619047619
2011-04-28,0,36.54,40.0455
2011-04-29,0,34.7168,37.925
2011-04-30,0,38.3754,37.06119642857143
2011-05-01,0,38.379599999999996,39.7375
2011-05-02,0,38.383799999999994,38.00663095238095
2011-05-03,0,38.388,35.69738095238095
2011-05-04,0,34.7358,43.452
2011-05-05,0,36.568,34.149375
2011-05-06,0,36.572,41.21030625
2011-05-07,0,34.7472,40.58652631578947
2011-05-08,0,32.922,43.51958333333334
2011-05-09,0,34.7548,38.67542105263158
2011-05-10,0,38.4174,36.51330357142857
2011-05-11,0,32.9328,38.806111111111115
2011-05-12,0,34.766200000000005,40.76309210526316
2011-05-13,0,34.77,42.76480263157895
2011-05-14,0,38.434200000000004,38.55049404761905
2011-05-15,0,36.608000000000004,40.32945
2011-05-16,0,34.7814,39.73711184210526
2011-05-17,0,32.9544,43.97384722222222
2011-05-18,0,34.789,43.90194078947369
2011-05-19,0,32.9616,45.33174999999999
2011-05-20,0,32.965199999999996,42.127381944444444
2011-05-21,0,32.9688,38.92248611111111
2011-05-22,0,34.804199999999994,36.477
2011-05-23,0,34.808,39.68
2011-05-24,0,36.644,34.506837499999996
2011-05-25,0,38.4804,38.15103571428571
2011-05-26,0,34.8194,37.52925657894737
2011-05-27,0,34.8232,42.17386842105263
2011-05-28,0,32.994,41.39479166666666
2011-05-29,0,34.8308,39.77961842105263
2011-05-30,0,36.668000000000006,37.5656125
2011-05-31,0,34.8384,36.02368421052632
2011-06-01,0,34.842200000000005,43.472151315789475
2011-06-02,0,38.514,37.234404761904756
2011-06-03,0,33.0156,44.119875
2011-06-04,0,38.5224,34.19752380952381
2011-06-05,0,38.5266,33.693125
2011-06-06,0,38.5308,36.304607142857144
2011-06-07,0,34.865,40.04934210526316
2011-06-08,0,33.0336,39.74111111111111
2011-06-09,0,34.8726,39.495138157894736
2011-06-10,0,36.711999999999996,34.9356375
2011-06-11,0,38.5518,34.79714285714286
2011-06-12,0,36.72,39.81337499999999
2011-06-13,0,36.724000000000004,36.92365625
2011-06-14,0,33.0552,44.921125
2011-06-15,0,38.5686,32.92310714285714
2011-06-16,0,33.0624,40.86716666666667
2011-06-17,0,38.577,35.539583333333326
2011-06-18,0,36.744,38.4620625
2011-06-19,0,33.0732,41.97744444444445
2011-06-20,0,33.076800000000006,39.94955555555555
2011-06-21,0,33.080400000000004,43.84654166666667
2011-06-22,0,34.922000000000004,38.81552631578948
2011-06-23,0,33.0876,46.22420833333333
2011-06-24,0,34.9296,37.538526315789476
2011-06-25,0,33.0948,39.11920833333333
2011-06-26,0,34.9372,41.55586842105263
2011-06-27,0,36.78,36.585
2011-06-28,0,36.784,39.103424999999994
2011-06-29,0,36.788,40.555025
2011-06-30,0,33.1128,40.49058333333334
2011-07-01,0,38.635799999999996,39.64675
2011-07-02,0,34.959999999999994,37.402631578947364
2011-07-03,0,34.9638,40.215138157894735
2011-07-04,0,36.808,37.5974125
2011-07-05,0,36.812,40.26989999999999
2011-07-06,0,33.1344,44.9175
2011-07-07,0,38.661,39.811547619047616
2011-07-08,0,38.6652,32.76729761904762
2011-07-09,0,33.1452,42.978812500000004
2011-07-10,0,33.1488,43.660555555555554
2011-07-11,0,33.1524,44.76633333333333
2011-07-12,0,38.682,36.19392857142858
2011-07-13,0,33.1596,43.756083333333336
2011-07-14,0,35.0056,39.447973684210524
2011-07-15,0,33.1668,44.865812500000004
2011-07-16,0,36.856,41.5276
2011-07-17,0,33.174,39.52909722222222
2011-07-18,0,36.864,39.5493
2011-07-19,0,36.867999999999995,38.25448125
2011-07-20,0,38.715599999999995,36.58127380952381
2011-07-21,0,33.1884,39.71175
2011-07-22,0,33.192,41.07277777777777
2011-07-23,0,38.728199999999994,36.081047619047624
2011-07-24,0,36.888,39.721500000000006
2011-07-25,0,33.2028,40.14915972222222
2011-07-26,0,33.2064,41.17111111111111
2011-07-27,0,38.745,34.855803571428574
2011-07-28,0,36.903999999999996,36.295937499999994
2011-07-29,0,33.217200000000005,41.01139583333333
2011-07-30,0,33.220800000000004,43.13766666666667
2011-07-31,0,36.916000000000004,36.07555
2011-08-01,0,36.92,37.148625
2011-08-02,0,35.0778,43.61317105263158
2011-08-03,0,35.0816,39.754
2011-08-04,0,33.2388,45.448993055555555
2011-08-05,0,33.2424,45.622625
2011-08-06,0,38.787,36.632172619047616
2011-08-07,0,38.791199999999996,38.893
2011-08-08,0,33.2532,45.123937500000004
2011-08-09,0,35.1044,42.67197368421053
2011-08-10,0,38.803799999999995,37.08125595238096
2011-08-11,0,33.263999999999996,46.495000000000005
2011-08-12,0,38.8122,33.22557142857143
2011-08-13,0,38.8164,35.70583333333333
2011-08-14,0,36.972,39.56019375
2011-08-15,0,38.8248,34.32692857142857
2011-08-16,0,35.131,41.246315789473684
2011-08-17,0,38.8332,35.35303571428572
2011-08-18,0,33.2892,40.398090277777776
2011-08-19,0,35.1424,41.337
2011-08-20,0,38.845800000000004,32.955642857142855
2011-08-21,0,35.15,41.504934210526315
2011-08-22,0,33.3036,46.792013888888896
2011-08-23,0,35.1576,38.287499999999994
2011-08-24,0,33.3108,43.31095138888889
2011-08-25,0,38.8668,38.36669047619048
2011-08-26,0,35.169,41.6025
2011-08-27,0,33.3216,44.59822222222222
2011-08-28,0,33.325199999999995,45.453041666666664
2011-08-29,0,37.032,39.302212499999996
2011-08-30,0,37.036,36.16405
2011-08-31,0,37.04,35.40075
2011-09-01,0,38.89619999999999,35.177392857142856
2011-09-02,0,35.1956,44.36907894736842
2011-09-03,0,38.9046,35.986065476190475
2011-09-04,0,37.056,35.259
2011-09-05,0,37.06,38.634750000000004
2011-09-06,0,37.064,41.4744125
2011-09-07,0,33.361200000000004,42.5085625
2011-09-08,0,37.072,36.34395
2011-09-09,0,35.2222,41.165723684210526
2011-09-10,0,33.372,42.77458333333333
2011-09-11,0,35.229800000000004,44.32091447368421
2011-09-12,0,38.9424,32.87142857142857
2011-09-13,0,38.946600000000004,38.20701785714286
2011-09-14,0,35.2412,40.536500000000004
2011-09-15,0,35.245,37.79407894736842
2011-09-16,0,37.104,37.28835
2011-09-17,0,38.9634,38.87716666666667
2011-09-18,0,33.4008,38.624541666666666
2011-09-19,0,33.404399999999995,42.55014583333333
2011-09-20,0,38.976,38.22880952380953
2011-09-21,0,37.123999999999995,42.215937499999995
2011-09-22,0,37.128,36.999525000000006
2011-09-23,0,33.4188,42.30811111111112
2011-09-24,0,38.9928,36.852
2011-09-25,0,35.283,37.986513157894734
2011-09-26,0,33.4296,41.635888888888886
2011-09-27,0,37.148,37.93611249999999
2011-09-28,0,35.2944,40.9061052631579
2011-09-29,0,33.440400000000004,44.547625
2011-09-30,0,35.302,43.419276315789475
2011-10-01,0,39.0222,36.214553571428574
2011-10-02,0,33.4512,44.04633333333334
2011-10-03,0,39.0306,34.756994047619045
2011-10-04,0,35.3172,37.04376315789474
2011-10-05,0,39.039,33.664880952380955
2011-10-06,0,39.0432,38.7177619047619
2011-10-07,0,35.3286,37.94271710526316
2011-10-08,0,37.192,36.894
2011-10-09,0,37.196,39.433668749999995
2011-10-10,0,33.48,40.91458333333333
2011-10-11,0,39.0642,34.63317261904762
2011-10-12,0,37.208,38.44375
2011-10-13,0,35.3514,38.60875657894737
2011-10-14,0,35.3552,42.33547368421053
2011-10-15,0,33.498,40.24760416666667
2011-10-16,0,39.0852,37.504
2011-10-17,0,39.089400000000005,34.65006547619048
2011-10-18,0,39.0936,40.001
2011-10-19,0,37.236000000000004,42.23525625
2011-10-20,0,39.102000000000004,39.71440476190476
2011-10-21,0,33.519600000000004,43.686951388888886
2011-10-22,0,39.1104,39.57428571428572
2011-10-23,0,39.1146,35.03341666666667
2011-10-24,0,39.1188,37.455083333333334
2011-10-25,0,35.397,43.345559210526325
2011-10-26,0,35.4008,41.72855263157894
2011-10-27,0,33.541199999999996,41.655409722222224
2011-10-28,0,33.544799999999995,42.25758333333333
2011-10-29,0,39.1398,37.83692857142857
2011-10-30,0,134.208,11.635555555555555
2011-10-31,0,160.32119999999998,9.688460755813953
2011-11-01,0,143.5588,9.701574675324675
2011-11-02,0,137.9804,10.53283445945946
2011-11-03,0,145.4544,9.2035
2011-11-04,0,145.47,10.705368589743589
2011-11-05,0,141.7552,10.886615131578948
2011-11-06,0,132.4434,10.352075704225353
2011-11-07,0,141.78560000000002,9.550144736842105
2011-11-08,0,132.4718,10.549109154929578
2011-11-09,0,169.806,8.807142857142857
2011-11-10,0,169.82420000000002,8.587660714285713
2011-11-11,0,151.1784,9.26803086419753
2011-11-12,0,128.7954,12.087233695652174
2011-11-13,0,147.4772,10.343386075949367
2011-11-14,0,162.429,9.056300287356322
2011-11-15,0,156.8448,8.939928571428572
2011-11-16,0,156.8616,9.601563988095238
2011-11-17,0,169.95159999999998,8.117997252747253
2011-11-18,0,140.08499999999998,11.18736
2011-11-19,0,128.892,10.775144927536232
2011-11-20,0,158.797,9.019819117647058
2011-11-21,0,149.47199999999998,9.275784374999999
2011-11-22,0,151.35660000000001,9.066771604938273
2011-11-23,0,130.816,9.919285714285715
2011-11-24,0,151.389,9.296851851851851
2011-11-25,0,160.7512,8.936494186046511
2011-11-26,0,145.8132,10.82341185897436
2011-11-27,0,168.264,8.935149999999998
2011-11-28,0,130.886,10.121769642857142
2011-11-29,0,37.400000000000006,41.6040625
2011-11-30,0,33.6636,44.772375
2011-12-01,0,35.5376,41.60673684210526
2011-12-02,0,37.412,35.6692875
2011-12-03,0,35.5452,44.05176315789473
2011-12-04,0,33.678,39.295763888888885
2011-12-05,0,35.5528,39.587973684210525
2011-12-06,0,35.556599999999996,37.396184210526314
2011-12-07,0,39.303599999999996,37.29467857142857
2011-12-08,0,35.5642,43.74435526315789
2011-12-09,0,33.696,43.174166666666665
2011-12-10,0,39.316199999999995,35.832184523809524
2011-12-11,0,37.44799999999999,39.403875
2011-12-12,0,39.324600000000004,36.72105357142857
2011-12-13,0,35.5832,42.379236842105264
2011-12-14,0,35.587,38.640625
2011-12-15,0,39.3372,37.613249999999994
2011-12-16,0,35.5946,41.819986842105266
2011-12-17,0,37.472,35.9445
2011-12-18,0,39.3498,34.01475
2011-12-19,0,35.606,38.167960526315795
2011-12-20,0,33.735600000000005,41.838034722222226
2011-12-21,0,37.488,36.265425
2011-12-22,0,39.3666,34.541291666666666
2011-12-23,0,37.496,39.8288125
2011-12-24,0,37.5,38.8265625
2011-12-25,0,33.7536,46.06622222222223
2011-12-26,0,39.3834,35.952238095238094
2011-12-27,0,35.6364,39.00698684210526
2011-12-28,0,39.391799999999996,35.81067857142857
2011-12-29,0,35.644,41.619605263157894
2011-12-30,0,37.524,41.9406375
2011-12-31,0,33.7752,47.29236111111111
2012-01-01,0,35.6554,44.562506578947364
2012-01-02,0,39.4128,39.732000000000006
2012-01-03,0,33.786,45.58368055555555
2012-01-04,0,39.4212,38.63252380952381
2012-01-05,0,33.7932,42.924395833333335
2012-01-06,0,33.796800000000005,40.94922222222222
2012-01-07,0,39.433800000000005,36.57704761904762
2012-01-08,0,35.682,43.12046052631579
2012-01-09,0,35.6858,42.22722368421053
2012-01-10,0,33.8112,45.351277777777774
2012-01-11,0,33.8148,42.687000000000005
2012-01-12,0,39.4548,37.182
2012-01-13,0,37.58,36.875125
2012-01-14,0,33.8256,44.50508333333333
2012-01-15,0,33.8292,43.30340972222222
2012-01-16,0,37.592,39.0537
2012-01-17,0,37.596,38.66938125
2012-01-18,0,35.72,38.58684210526316
2012-01-19,0,39.484199999999994,35.06235119047619
2012-01-20,0,35.727599999999995,44.14132894736842
2012-01-21,0,35.7314,38.596177631578946
2012-01-22,0,39.4968,37.58116666666667
2012-01-23,0,39.501,34.48294642857143
2012-01-24,0,37.624,42.025324999999995
2012-01-25,0,35.7466,37.465875000000004
2012-01-26,0,35.750400000000006,37.550526315789476
2012-01-27,0,35.754200000000004,43.18658552631578
2012-01-28,0,33.876000000000005,42.74555555555556
2012-01-29,0,37.644000000000005,34.98350625
2012-01-30,0,33.8832,39.56325
2012-01-31,0,39.5346,38.347303571428576
2012-02-01,0,35.7732,40.508842105263156
2012-02-02,0,39.543,34.362946428571426
2012-02-03,0,37.664,40.6624
2012-02-04,0,33.9012,40.44147916666667
2012-02-05,0,37.672,42.065975
2012-02-06,0,37.676,38.42128125
2012-02-07,0,33.912,47.265
2012-02-08,0,35.7998,37.09956578947369
2012-02-09,0,33.9192,40.02644444444445
2012-02-10,0,39.5766,37.56478571428571
2012-02-11,0,37.696,36.650800000000004
2012-02-12,0,37.7,37.43031250000001
2012-02-13,0,39.5892,37.86971428571428
2012-02-14,0,39.5934,40.38775
2012-02-15,0,33.9408,38.837500000000006
2012-02-16,0,37.716,37.7530875
2012-02-17,0,33.948,43.07340277777777
2012-02-18,0,39.6102,37.95894642857143
