sinteticos/sales_sint_365_tend.csv
date,item_nbr,unit_sales,price
2012-02-19,0,35.8416,41.794421052631584
2012-02-20,0,35.8454,38.03516447368421
2012-02-21,0,39.6228,39.44834523809524
2012-02-22,0,33.966,39.463854166666664
2012-02-23,0,35.8568,44.83505263157895
2012-02-24,0,37.748,35.134525000000004
2012-02-25,0,35.864399999999996,41.159960526315786
2012-02-26,0,39.6438,35.243833333333335
2012-02-27,0,39.647999999999996,34.87642857142857
2012-02-28,0,37.763999999999996,40.977543749999995
2012-02-29,0,35.879599999999996,43.05586842105264
2012-03-01,0,39.660599999999995,34.662642857142856
2012-03-02,0,37.776,39.1986
2012-03-03,0,34.002,40.61909722222222
2012-03-04,0,37.784,36.7157
2012-03-05,0,37.788,38.274525
2012-03-06,0,39.681599999999996,34.75066666666667
2012-03-07,0,39.6858,33.864244047619046
2012-03-08,0,35.910000000000004,43.16546052631578
2012-03-09,0,39.6942,36.16719047619048
2012-03-10,0,37.808,35.877325
2012-03-11,0,34.0308,42.634229166666664
2012-03-12,0,39.7068,33.80371428571429
2012-03-13,0,34.038,39.00836805555556
2012-03-14,0,34.0416,44.5475
2012-03-15,0,37.828,37.60456875
2012-03-16,0,39.7236,34.11119047619048
2012-03-17,0,37.836,35.43028125
2012-03-18,0,39.732,35.303333333333335
2012-03-19,0,34.059599999999996,40.325180555555555
2012-03-20,0,35.9556,38.451828947368426
2012-03-21,0,34.0668,42.8415625
2012-03-22,0,35.9632,43.050000000000004
2012-03-23,0,39.753,37.46919642857143
2012-03-24,0,35.9708,42.40080263157895
2012-03-25,0,34.0812,43.11504166666666
2012-03-26,0,37.872,36.93645
2012-03-27,0,34.0884,45.546486111111115
2012-03-28,0,34.092,46.589305555555555
2012-03-29,0,39.778200000000005,35.928357142857145
2012-03-30,0,39.7824,39.42042857142857
2012-03-31,0,37.892,42.48615624999999
2012-04-01,0,39.790800000000004,35.71425
2012-04-02,0,36.005,39.148519736842104
2012-04-03,0,34.1136,38.9875
2012-04-04,0,36.0126,37.266828947368424
2012-04-05,0,36.0164,38.82956578947368
2012-04-06,0,34.1244,47.31620833333333
2012-04-07,0,37.92,36.504
2012-04-08,0,34.1316,39.7831875
2012-04-09,0,37.928,42.048737499999994
2012-04-10,0,39.828599999999994,33.65951785714286
2012-04-11,0,37.936,35.8915
2012-04-12,0,34.146,45.95173611111111
2012-04-13,0,39.8412,36.93775
2012-04-14,0,39.8454,40.43409523809524
2012-04-15,0,39.8496,37.61266666666666
2012-04-16,0,37.956,36.06198750000001
2012-04-17,0,36.062000000000005,44.61888157894737
2012-04-18,0,39.8622,33.829791666666665
2012-04-19,0,39.8664,37.69907142857143
2012-04-20,0,34.174800000000005,40.34197916666667
2012-04-21,0,37.976,42.635775
2012-04-22,0,34.182,45.64145833333333
2012-04-23,0,37.984,40.299600000000005
2012-04-24,0,39.8874,33.47410714285714
2012-04-25,0,34.1928,42.00716666666667
2012-04-26,0,36.096199999999996,43.91096052631578
2012-04-27,0,38.0,35.625
2012-04-28,0,38.004,40.62825
2012-04-29,0,38.007999999999996,40.631499999999996
2012-04-30,0,34.2108,39.419180555555556
2012-05-01,0,39.9168,38.10742857142857
2012-05-02,0,34.218,46.806909722222215
2012-05-03,0,39.9252,37.443559523809526
2012-05-04,0,39.9294,39.45660714285714
2012-05-05,0,38.032,38.696625
2012-05-06,0,38.036,35.8070125
2012-05-07,0,39.942,38.42357142857143
2012-05-08,0,36.1418,42.060006578947366
2012-05-09,0,34.2432,41.53288888888889
2012-05-10,0,39.9546,33.59144642857142
2012-05-11,0,39.958800000000004,36.424678571428565
2012-05-12,0,36.157000000000004,40.83842105263158
2012-05-13,0,36.1608,38.453763157894734
2012-05-14,0,38.068,36.4557625
2012-05-15,0,39.9756,35.39315476190477
2012-05-16,0,34.2684,46.250750000000004
2012-05-17,0,36.176,43.984736842105264
2012-05-18,0,34.2756,42.258375
2012-05-19,0,38.087999999999994,42.9661125
2012-05-20,0,38.092,40.2301375
2012-05-21,0,40.0008,36.975619047619055
2012-05-22,0,40.005,37.575
2012-05-23,0,34.2936,45.40675
2012-05-24,0,36.2026,38.98204605263158
2012-05-25,0,40.0176,34.601142857142854
2012-05-26,0,40.021800000000006,39.749744047619046
2012-05-27,0,36.214000000000006,37.50756578947369
2012-05-28,0,38.124,42.996993749999994
2012-05-29,0,36.2216,38.42047368421053
2012-05-30,0,38.132000000000005,36.58069375000001
2012-05-31,0,34.3224,45.95799999999999
2012-06-01,0,34.326,46.39690972222222
2012-06-02,0,36.2368,39.504894736842104
2012-06-03,0,38.147999999999996,36.043875
2012-06-04,0,40.059599999999996,38.43494047619048
2012-06-05,0,36.2482,39.43185526315789
2012-06-06,0,40.068,39.03821428571428
2012-06-07,0,36.2558,43.97600657894737
2012-06-08,0,34.3512,43.46151388888889
2012-06-09,0,40.0806,38.22628571428571
2012-06-10,0,38.176,36.7696
2012-06-11,0,38.18,41.94734375
2012-06-12,0,38.184,37.48117499999999
2012-06-13,0,36.2786,43.41922368421053
2012-06-14,0,38.192,37.3303
2012-06-15,0,36.2862,38.637710526315786
2012-06-16,0,36.290000000000006,44.00756578947369
2012-06-17,0,40.114200000000004,40.417208333333335
2012-06-18,0,38.208,40.009499999999996
2012-06-19,0,38.212,42.2094625
2012-06-20,0,34.394400000000005,44.54926388888889
2012-06-21,0,40.131,40.878482142857145
2012-06-22,0,38.224000000000004,41.4348
2012-06-23,0,36.3166,40.56241447368421
2012-06-24,0,38.232,36.261225
2012-06-25,0,34.4124,39.77016666666667
2012-06-26,0,34.416,44.48333333333333
2012-06-27,0,36.3318,41.98018421052632
2012-06-28,0,34.423199999999994,45.36277777777778
2012-06-29,0,34.4268,40.0445625
2012-06-30,0,38.256,36.4356
2012-07-01,0,36.347,42.90286184210527
2012-07-02,0,36.3508,44.39435526315789
2012-07-03,0,36.3546,44.56324342105263
2012-07-04,0,36.358399999999996,41.01136842105263
2012-07-05,0,36.3622,44.15688157894736
2012-07-06,0,40.194,38.00928571428572
2012-07-07,0,34.455600000000004,42.950916666666664
2012-07-08,0,36.3736,37.46786842105263
2012-07-09,0,36.3774,41.358552631578945
2012-07-10,0,36.3812,43.92627631578947
2012-07-11,0,40.215,41.018452380952375
2012-07-12,0,34.4736,40.95933333333334
2012-07-13,0,34.477199999999996,41.92333333333333
2012-07-14,0,34.4808,45.24586111111111
2012-07-15,0,34.4844,43.677083333333336
2012-07-16,0,40.236,40.58547619047619
2012-07-17,0,38.324,39.39425625
2012-07-18,0,38.327999999999996,37.1955375
2012-07-19,0,40.248599999999996,35.87652976190476
2012-07-20,0,34.502399999999994,46.4035
2012-07-21,0,38.34,37.912312500000006
2012-07-22,0,36.4268,40.656092105263156
2012-07-23,0,38.348,40.51440625
2012-07-24,0,34.516799999999996,40.73616666666667
2012-07-25,0,34.5204,41.875909722222225
2012-07-26,0,40.278000000000006,40.76761904761905
2012-07-27,0,40.2822,35.82439285714286
2012-07-28,0,40.2864,36.42685714285714
2012-07-29,0,36.4534,40.430157894736844
2012-07-30,0,40.2948,41.00546428571429
2012-07-31,0,38.38,36.21062499999999
2012-08-01,0,38.384,40.6221
2012-08-02,0,38.388,42.90853125
2012-08-03,0,36.4724,40.52909210526315
2012-08-04,0,36.4762,43.184730263157896
2012-08-05,0,34.56,41.825
2012-08-06,0,36.483799999999995,42.44547368421052
2012-08-07,0,40.328399999999995,35.10557142857143
2012-08-08,0,34.5708,42.01
2012-08-09,0,40.3368,39.01238095238095
2012-08-10,0,34.578,47.531354166666674
2012-08-11,0,34.5816,44.03345833333333
2012-08-12,0,40.3494,40.07225
2012-08-13,0,38.432,41.0548
2012-08-14,0,34.5924,40.629
2012-08-15,0,38.440000000000005,42.2435
2012-08-16,0,34.5996,47.90428472222222
2012-08-17,0,36.525600000000004,41.652789473684216
2012-08-18,0,34.6068,45.196583333333336
2012-08-19,0,34.6104,47.3025
2012-08-20,0,40.383,36.71866071428571
2012-08-21,0,40.3872,36.04571428571428
2012-08-22,0,38.468,40.37440000000001
2012-08-23,0,36.5484,45.15915789473684
2012-08-24,0,40.3998,34.476910714285715
2012-08-25,0,34.632,44.78347222222223
2012-08-26,0,40.4082,37.11175
2012-08-27,0,38.488,38.2604375
2012-08-28,0,36.5674,38.94859868421053
2012-08-29,0,34.6464,46.814
2012-08-30,0,38.5,40.63671875
2012-08-31,0,34.6536,45.067805555555566
2012-09-01,0,40.4334,38.10648214285714
2012-09-02,0,36.5864,44.6133947368421
2012-09-03,0,36.590199999999996,39.63179605263158
2012-09-04,0,40.446000000000005,35.40910714285714
2012-09-05,0,38.524,41.12969375
2012-09-06,0,36.601600000000005,38.31152631578947
2012-09-07,0,40.458600000000004,41.057249999999996
2012-09-08,0,34.6824,45.096361111111115
2012-09-09,0,34.686,45.88961805555556
2012-09-10,0,40.4712,39.562714285714286
2012-09-11,0,38.548,41.93904375
2012-09-12,0,40.4796,41.22395238095238
2012-09-13,0,38.556,40.286812499999996
2012-09-14,0,40.488,38.446666666666665
2012-09-15,0,40.4922,39.42788095238095
2012-09-16,0,36.6396,42.084552631578944
2012-09-17,0,38.571999999999996,41.405825
2012-09-18,0,40.504799999999996,39.88880952380952
2012-09-19,0,38.58,36.59146875
2012-09-20,0,36.6548,40.60031578947369
2012-09-21,0,38.588,36.6763
2012-09-22,0,34.7328,48.2205
2012-09-23,0,36.666199999999996,39.19525657894737
2012-09-24,0,36.67,40.94605263157895
2012-09-25,0,34.7436,39.534375
2012-09-26,0,40.5384,38.18192857142857
2012-09-27,0,40.5426,39.766571428571424
2012-09-28,0,36.6852,40.54275
2012-09-29,0,40.551,37.28705357142858
2012-09-30,0,38.624,42.714
2012-10-01,0,40.5594,34.731410714285715
2012-10-02,0,36.7004,40.472289473684214
2012-10-03,0,34.7724,46.328423611111106
2012-10-04,0,40.571999999999996,36.3975
2012-10-05,0,38.644,35.767325
2012-10-06,0,36.715599999999995,43.483973684210525
2012-10-07,0,38.652,38.543006250000005
2012-10-08,0,34.7904,41.9495
2012-10-09,0,36.727000000000004,45.494013157894734
2012-10-10,0,40.5972,36.339357142857146
2012-10-11,0,34.8012,42.927055555555555
2012-10-12,0,40.6056,40.79397619047619
2012-10-13,0,38.676,38.798812500000004
2012-10-14,0,34.812000000000005,42.585277777777776
2012-10-15,0,36.7498,42.51453947368421
2012-10-16,0,34.8192,43.12
2012-10-17,0,36.757400000000004,39.769875
2012-10-18,0,34.8264,42.510708333333326
2012-10-19,0,34.83,44.186458333333334
2012-10-20,0,40.6392,35.990785714285714
2012-10-21,0,34.8372,44.3695
2012-10-22,0,38.712,43.263675000000006
2012-10-23,0,38.716,40.7312875
2012-10-24,0,160.688,9.891927710843374
2012-10-25,0,164.577,9.753180882352943
2012-10-26,0,152.9756,9.591765822784811
2012-10-27,0,137.49859999999998,10.584052816901409
2012-10-28,0,170.4384,9.54903409090909
2012-10-29,0,151.086,10.85543269230769
2012-10-30,0,151.1016,10.470016025641025
2012-10-31,0,162.7416,9.534129464285716
2012-11-01,0,172.4464,8.090382022471909
2012-11-02,0,143.3972,11.23147972972973
2012-11-03,0,131.784,10.987113970588236
2012-11-04,0,174.43800000000002,9.571129166666665
2012-11-05,0,160.8872,8.926451807228915
2012-11-06,0,143.4564,10.82764358108108
2012-11-07,0,149.2876,9.870821428571428
2012-11-08,0,131.852,10.78141544117647
2012-11-09,0,160.9536,9.522
2012-11-10,0,141.5762,10.37066609589041
2012-11-11,0,153.2284,9.06138924050633
2012-11-12,0,159.0636,8.807995426829269
2012-11-13,0,170.72,9.074005681818182
2012-11-14,0,139.6944,9.966756944444445
2012-11-15,0,153.2916,9.405911392405063
2012-11-16,0,176.59459999999999,9.213164835164834
2012-11-17,0,176.6128,8.934681318681319
2012-11-18,0,176.63099999999997,8.900480769230768
2012-11-19,0,132.0016,11.444742647058824
2012-11-20,0,147.5464,9.864644736842106
2012-11-21,0,166.9776,9.346290697674418
2012-11-22,0,151.4604,10.020557692307692
2012-11-23,0,38.839999999999996,43.1345625
2012-11-24,0,40.7862,36.92242857142857
2012-11-25,0,38.848,39.725
2012-11-26,0,38.852000000000004,42.985831250000004
2012-11-27,0,40.7988,34.660785714285716
2012-11-28,0,36.917,39.39976973684211
2012-11-29,0,38.864000000000004,42.43965
2012-11-30,0,34.9812,43.8913125
2012-12-01,0,40.8156,40.50077380952381
2012-12-02,0,38.876,43.0856125
2012-12-03,0,38.879999999999995,39.5115
2012-12-04,0,34.995599999999996,39.929805555555554
2012-12-05,0,36.943599999999996,39.5888552631579
2012-12-06,0,38.891999999999996,40.952156249999994
2012-12-07,0,40.840799999999994,37.71757142857143
2012-12-08,0,36.955,43.867763157894736
2012-12-09,0,38.904,43.0297875
2012-12-10,0,36.9626,42.618703947368424
2012-12-11,0,36.9664,40.52863157894737
2012-12-12,0,38.916,39.062118749999996
2012-12-13,0,38.92,38.030875
2012-12-14,0,35.031600000000005,44.646909722222226
2012-12-15,0,36.9816,45.06457894736842
2012-12-16,0,40.878600000000006,35.243125
2012-12-17,0,35.0424,45.71859722222222
2012-12-18,0,40.887,35.77928571428571
2012-12-19,0,38.944,38.0488
2012-12-20,0,35.053200000000004,39.98002777777778
2012-12-21,0,38.952,40.602374999999995
2012-12-22,0,35.0604,46.88659722222222
2012-12-23,0,40.908,37.68916666666667
2012-12-24,0,37.0158,44.509677631578946
2012-12-25,0,40.916399999999996,35.0405
2012-12-26,0,38.971999999999994,41.5740375
2012-12-27,0,40.9248,37.169999999999995
2012-12-28,0,40.928999999999995,41.42125
2012-12-29,0,38.984,41.902475
2012-12-30,0,38.988,40.71073125
2012-12-31,0,40.9416,38.54752380952381
2013-01-01,0,38.996,42.390425
2013-01-02,0,39.0,41.5171875
2013-01-03,0,39.004000000000005,37.296675
2013-01-04,0,39.008,36.0244
2013-01-05,0,40.9626,40.61223214285714
2013-01-06,0,35.1144,48.624625
2013-01-07,0,40.971000000000004,35.228095238095236
2013-01-08,0,35.1216,47.56925
2013-01-09,0,39.028,41.38051875
2013-01-10,0,39.032,38.991637499999996
2013-01-11,0,39.036,39.5529
2013-01-12,0,40.992,36.001428571428576
2013-01-13,0,37.0918,43.32023684210526
2013-01-14,0,39.048,36.7705125
2013-01-15,0,35.1468,43.78418055555555
2013-01-16,0,37.1032,41.23107894736842
2013-01-17,0,39.059999999999995,37.0185
2013-01-18,0,37.1108,42.74930263157895
2013-01-19,0,41.0214,38.225005952380954
2013-01-20,0,37.1184,40.152
2013-01-21,0,37.1222,45.36355263157895
2013-01-22,0,41.034,34.88946428571428
2013-01-23,0,39.084,40.78738125
2013-01-24,0,41.0424,41.12888095238095
2013-01-25,0,35.1828,40.44783333333333
2013-01-26,0,41.0508,36.04092857142857
2013-01-27,0,35.19,41.78489583333334
2013-01-28,0,37.1488,42.446578947368415
2013-01-29,0,37.1526,37.910703947368425
2013-01-30,0,35.2008,48.00623611111111
2013-01-31,0,35.2044,44.7265
2013-02-01,0,39.12,42.493500000000004
2013-02-02,0,37.1678,42.54727631578947
2013-02-03,0,35.215199999999996,41.36397222222222
2013-02-04,0,41.0886,35.99023214285715
2013-02-05,0,41.0928,36.221333333333334
2013-02-06,0,41.096999999999994,41.17074404761905
2013-02-07,0,37.1868,38.94682894736842
2013-02-08,0,41.1054,38.817678571428566
2013-02-09,0,37.1944,45.09452631578947
2013-02-10,0,35.2404,41.2978125
2013-02-11,0,41.118,34.563452380952384
2013-02-12,0,39.164,37.733450000000005
2013-02-13,0,37.2096,44.68784210526316
2013-02-14,0,39.172000000000004,42.696637499999994
2013-02-15,0,37.217200000000005,44.779
2013-02-16,0,35.262,44.249375
2013-02-17,0,37.2248,38.388
2013-02-18,0,35.2692,44.16742361111111
2013-02-19,0,37.2324,40.91992105263158
2013-02-20,0,37.2362,38.312796052631576
2013-02-21,0,41.16,39.161904761904765
2013-02-22,0,37.2438,45.05615131578948
2013-02-23,0,37.2476,38.99556578947368
2013-02-24,0,39.211999999999996,42.0898625
2013-02-25,0,39.215999999999994,38.331975
2013-02-26,0,37.259,39.59440789473684
2013-02-27,0,39.224000000000004,40.739087500000004
2013-02-28,0,37.266600000000004,41.03295394736842
2013-03-01,0,39.232,43.14695
2013-03-02,0,39.236,38.34694375
2013-03-03,0,41.202,35.2275
2013-03-04,0,39.244,42.2763
2013-03-05,0,35.3232,45.46480555555556
2013-03-06,0,39.252,38.43899999999999
2013-03-07,0,41.2188,36.99279761904762
2013-03-08,0,41.223,41.03851190476191
2013-03-09,0,37.3008,41.82063157894736
2013-03-10,0,39.268,43.177268749999996
2013-03-11,0,41.2356,34.41022619047619
2013-03-12,0,41.2398,37.08353571428571
2013-03-13,0,39.28,43.988625
2013-03-14,0,41.2482,36.707744047619045
2013-03-15,0,41.2524,38.92392857142857
2013-03-16,0,41.2566,36.56081547619048
2013-03-17,0,41.260799999999996,37.708666666666666
2013-03-18,0,37.334999999999994,43.36875
2013-03-19,0,41.2692,35.2715
2013-03-20,0,37.3426,45.232052631578945
2013-03-21,0,35.3808,45.16525
2013-03-22,0,39.316,43.6186
2013-03-23,0,41.286,36.96261904761905
2013-03-24,0,41.2902,38.64575
2013-03-25,0,37.3616,40.437684210526314
2013-03-26,0,37.3654,39.51213157894737
2013-03-27,0,35.4024,44.74075
2013-03-28,0,37.373000000000005,45.26026315789474
2013-03-29,0,41.3112,36.29226190476191
2013-03-30,0,41.315400000000004,38.205357142857146
2013-03-31,0,41.3196,37.82625000000001
2013-04-01,0,39.356,38.0355375
2013-04-02,0,35.424,40.48166666666666
2013-04-03,0,39.364,43.097606250000005
2013-04-04,0,41.3364,34.856857142857145
2013-04-05,0,39.372,37.64604375
2013-04-06,0,35.4384,43.3485
2013-04-07,0,41.349,37.00583333333333
2013-04-08,0,39.384,42.1509375
2013-04-09,0,41.3574,41.752750000000006
2013-04-10,0,37.4224,44.37631578947368
2013-04-11,0,35.4564,40.9561875
2013-04-12,0,35.46,46.67048611111111
2013-04-13,0,39.403999999999996,37.34821875
2013-04-14,0,37.4376,39.401526315789475
2013-04-15,0,39.412000000000006,37.83601875
2013-04-16,0,35.4744,40.70433333333333
2013-04-17,0,37.449,44.146776315789474
2013-04-18,0,35.4816,48.031444444444446
2013-04-19,0,37.4566,45.7607697368421
2013-04-20,0,39.432,39.2972625
2013-04-21,0,39.436,37.69294375
2013-04-22,0,37.467999999999996,43.74092105263158
2013-04-23,0,35.4996,48.1394375
2013-04-24,0,37.4756,40.19375
2013-04-25,0,37.4794,40.196875
2013-04-26,0,41.428799999999995,37.21371428571429
2013-04-27,0,35.513999999999996,41.72190972222222
2013-04-28,0,35.517599999999995,41.278416666666665
2013-04-29,0,35.5212,48.60866666666667
2013-04-30,0,35.5248,42.535888888888884
2013-05-01,0,41.4498,36.46216666666667
2013-05-02,0,37.506,38.27131578947369
2013-05-03,0,39.484,41.91119375
2013-05-04,0,37.513600000000004,45.052
2013-05-05,0,41.4666,37.163125
2013-05-06,0,41.470800000000004,34.637190476190476
2013-05-07,0,35.550000000000004,46.85069444444444
2013-05-08,0,37.528800000000004,45.57426315789474
2013-05-09,0,35.5572,40.59831944444444
2013-05-10,0,35.5608,44.08926388888889
2013-05-11,0,39.516,39.52243125
2013-05-12,0,41.496,41.93666666666666
2013-05-13,0,37.5478,43.64286184210526
2013-05-14,0,39.528,37.599337500000004
2013-05-15,0,35.5788,42.496006944444446
2013-05-16,0,39.536,41.550900000000006
2013-05-17,0,37.562999999999995,42.72394736842105
2013-05-18,0,35.5896,45.63791666666666
2013-05-19,0,35.5932,43.94109027777778
2013-05-20,0,37.5744,44.853631578947365
2013-05-21,0,35.6004,47.43868055555555
2013-05-22,0,37.582,46.38703947368421
2013-05-23,0,37.5858,43.16788815789474
2013-05-24,0,41.546400000000006,40.824666666666666
