sinteticos/sales_sint_365_tend.csv
date,item_nbr,unit_sales,price
2015-10-22,0,155.13120000000004,12.48178125
2015-10-23,0,146.5264,13.444841911764707
2015-10-24,0,187.485,10.529166666666667
2015-10-25,0,178.8816,11.203373493975903
2015-10-26,0,196.14140000000003,8.799869505494506
2015-10-27,0,163.82559999999998,11.602526315789472
2015-10-28,0,185.39880000000002,9.332869186046512
2015-10-29,0,178.94799999999998,11.393403614457831
2015-10-30,0,185.4332,10.716329941860465
2015-10-31,0,194.07600000000002,9.6474
2015-11-01,0,168.2148,10.337250000000001
2015-11-02,0,176.8576,11.514682926829266
2015-11-03,0,168.246,10.824759615384615
2015-11-04,0,174.7332,10.97774074074074
2015-11-05,0,148.8606,12.563153985507245
2015-11-06,0,161.82,11.67384
2015-11-07,0,148.88819999999998,12.340155797101449
2015-11-08,0,41.001999999999995,46.54125
2015-11-09,0,41.0058,49.44799342105264
2015-11-10,0,45.32640000000001,40.55504761904762
2015-11-11,0,41.0134,42.014203947368415
2015-11-12,0,38.8584,52.014875
2015-11-13,0,43.17999999999999,41.47121875
2015-11-14,0,43.184000000000005,39.14615
2015-11-15,0,43.187999999999995,45.78879375
2015-11-16,0,41.0324,48.56532894736842
2015-11-17,0,43.196,42.431925
2015-11-18,0,45.36,42.05714285714286
2015-11-19,0,43.20399999999999,46.23335
2015-11-20,0,45.3684,39.434285714285714
2015-11-21,0,41.0514,41.95385526315789
2015-11-22,0,45.3768,43.21966666666667
2015-11-23,0,38.898,46.40013888888889
2015-11-24,0,43.224000000000004,41.245425
2015-11-25,0,41.0666,42.23851973684211
2015-11-26,0,41.0704,47.51042105263158
2015-11-27,0,38.9124,52.550916666666666
2015-11-28,0,38.916,52.650625
2015-11-29,0,43.244,45.4036625
2015-11-30,0,38.923199999999994,44.12166666666667
2015-12-01,0,41.089400000000005,41.43899999999999
2015-12-02,0,45.4188,37.49514285714286
2015-12-03,0,38.934000000000005,51.998125
2015-12-04,0,45.4272,44.32633333333333
2015-12-05,0,45.431400000000004,39.14816666666667
2015-12-06,0,45.435599999999994,39.39775
2015-12-07,0,43.276,44.65264375
2015-12-08,0,45.443999999999996,37.511428571428574
2015-12-09,0,43.284000000000006,42.931481250000004
2015-12-10,0,43.288000000000004,43.6256875
2015-12-11,0,45.4566,42.291797619047614
2015-12-12,0,41.1312,43.29094736842106
2015-12-13,0,41.135,49.75180921052632
2015-12-14,0,41.1388,45.0254605263158
2015-12-15,0,43.308,42.08593125
2015-12-16,0,41.1464,49.12578947368421
2015-12-17,0,45.4818,42.39247023809524
2015-12-18,0,41.153999999999996,44.128618421052636
2015-12-19,0,43.324,43.82698125
2015-12-20,0,38.995200000000004,43.70527777777778
2015-12-21,0,41.1654,41.772019736842104
2015-12-22,0,39.00240000000001,48.61113888888889
2015-12-23,0,41.172999999999995,50.0608552631579
2015-12-24,0,43.34400000000001,42.02685
2015-12-25,0,43.348,43.586549999999995
2015-12-26,0,41.184400000000004,46.43013157894737
2015-12-27,0,39.020399999999995,49.3014375
2015-12-28,0,45.528000000000006,44.73285714285714
2015-12-29,0,43.36399999999999,46.28084375
2015-12-30,0,45.5364,39.630964285714285
2015-12-31,0,39.034800000000004,43.643902777777775
2016-01-01,0,45.5448,38.977452380952386
2016-01-02,0,43.38,45.08278125
2016-01-03,0,45.553200000000004,37.82925
2016-01-04,0,39.0492,52.50320833333333
2016-01-05,0,45.5616,37.257714285714286
2016-01-06,0,45.565799999999996,44.84438095238095
2016-01-07,0,45.57,42.20952380952381
2016-01-08,0,45.5742,42.54235714285714
2016-01-09,0,39.0672,46.07713888888889
2016-01-10,0,39.070800000000006,49.06270833333333
2016-01-11,0,45.5868,41.644464285714285
2016-01-12,0,45.59100000000001,39.998065476190476
2016-01-13,0,43.42399999999999,43.992799999999995
2016-01-14,0,43.428000000000004,43.38973125
2016-01-15,0,41.2604,42.941565789473685
2016-01-16,0,39.092400000000005,49.3726875
2016-01-17,0,41.267999999999994,44.680263157894736
2016-01-18,0,39.0996,51.49746527777778
2016-01-19,0,41.275600000000004,48.6993947368421
2016-01-20,0,41.2794,49.25013157894737
2016-01-21,0,41.2832,47.6118947368421
2016-01-22,0,45.633,38.954047619047614
2016-01-23,0,45.6372,40.937714285714286
2016-01-24,0,39.1212,48.72709722222223
2016-01-25,0,39.1248,43.722722222222224
2016-01-26,0,43.476,43.8607125
2016-01-27,0,41.306,47.17625
2016-01-28,0,39.1356,43.82850694444445
2016-01-29,0,43.48800000000001,40.9224
2016-01-30,0,39.142799999999994,47.784777777777784
2016-01-31,0,41.321200000000005,50.01942105263157
2016-02-01,0,41.324999999999996,46.645559210526315
2016-02-02,0,39.153600000000004,47.02422222222223
2016-02-03,0,39.157199999999996,49.14770833333333
2016-02-04,0,43.512,43.6289625
2016-02-05,0,39.16439999999999,46.938006944444446
2016-02-06,0,43.52,46.75825
2016-02-07,0,43.523999999999994,39.994631250000005
2016-02-08,0,43.528000000000006,46.851749999999996
2016-02-09,0,43.532000000000004,46.42128125
2016-02-10,0,45.7128,42.64371428571429
2016-02-11,0,39.186,45.029826388888885
2016-02-12,0,41.3668,49.24048684210526
2016-02-13,0,39.1932,45.6149375
2016-02-14,0,45.7296,39.349333333333334
2016-02-15,0,43.556,46.701762499999994
2016-02-16,0,41.382,43.40625
2016-02-17,0,39.2076,53.05590277777778
2016-02-18,0,39.2112,52.86677777777777
2016-02-19,0,45.750600000000006,45.23494642857143
2016-02-20,0,45.754799999999996,37.629583333333336
2016-02-21,0,39.22200000000001,43.518368055555555
2016-02-22,0,43.583999999999996,41.601150000000004
2016-02-23,0,43.58800000000001,47.597225
2016-02-24,0,45.77159999999999,45.00304761904762
2016-02-25,0,41.4162,48.73794078947369
2016-02-26,0,43.599999999999994,39.44125
2016-02-27,0,39.2436,48.07429166666667
2016-02-28,0,39.24719999999999,49.33279166666667
2016-02-29,0,39.2508,48.6605
2016-03-01,0,45.796800000000005,44.60866666666667
2016-03-02,0,43.620000000000005,42.23643750000001
2016-03-03,0,43.624,44.4992
2016-03-04,0,41.446600000000004,48.400019736842104
2016-03-05,0,43.632,46.07025
2016-03-06,0,43.635999999999996,41.205412499999994
2016-03-07,0,45.821999999999996,37.75571428571429
2016-03-08,0,41.4618,47.86482236842105
2016-03-09,0,39.2832,45.79366666666666
2016-03-10,0,45.834599999999995,43.06404761904762
2016-03-11,0,43.656000000000006,43.1334
2016-03-12,0,45.842999999999996,44.97526785714285
2016-03-13,0,39.2976,46.19338888888889
2016-03-14,0,43.66799999999999,43.40364375
2016-03-15,0,45.8556,37.44604761904762
2016-03-16,0,43.675999999999995,45.9327
2016-03-17,0,41.496,48.078947368421055
2016-03-18,0,45.868199999999995,40.76864285714285
2016-03-19,0,43.688,40.02575
2016-03-20,0,45.8766,42.183375
2016-03-21,0,39.3264,53.18194444444445
2016-03-22,0,45.885,45.58779761904762
2016-03-23,0,41.5188,43.70198684210526
2016-03-24,0,39.3372,47.58391666666666
2016-03-25,0,39.3408,47.29716666666667
2016-03-26,0,43.716,41.52583125
2016-03-27,0,45.906,38.97083333333333
2016-03-28,0,39.3516,44.50180555555556
2016-03-29,0,41.541599999999995,48.94531578947368
2016-03-30,0,45.918600000000005,41.384327380952385
2016-03-31,0,39.362399999999994,44.70491666666667
2016-04-01,0,41.553000000000004,44.92203947368421
2016-04-02,0,43.744,43.9855
2016-04-03,0,45.9354,38.49266666666667
2016-04-04,0,43.751999999999995,39.723299999999995
2016-04-05,0,41.568200000000004,45.94367763157895
2016-04-06,0,45.94799999999999,40.160476190476196
2016-04-07,0,39.387600000000006,53.1500625
2016-04-08,0,45.956399999999995,40.49819047619047
2016-04-09,0,39.394800000000004,48.8005
2016-04-10,0,39.3984,44.640166666666666
2016-04-11,0,39.402,43.77180555555555
2016-04-12,0,41.5948,43.58125
2016-04-13,0,39.4092,49.87989583333333
2016-04-14,0,41.6024,44.13807894736842
2016-04-15,0,41.6062,45.88486842105263
2016-04-16,0,39.42,50.762499999999996
2016-04-17,0,41.6138,45.06540131578947
2016-04-18,0,45.9984,44.347428571428566
2016-04-19,0,43.812,46.5681375
2016-04-20,0,43.816,46.1354125
2016-04-21,0,39.437999999999995,46.12902777777777
2016-04-22,0,46.01520000000001,44.69242857142857
2016-04-23,0,43.827999999999996,43.96455
2016-04-24,0,41.64040000000001,44.72069736842106
2016-04-25,0,41.6442,45.09124342105263
2016-04-26,0,41.648,46.655789473684216
2016-04-27,0,43.843999999999994,39.2653125
2016-04-28,0,39.4632,49.44875
2016-04-29,0,46.0446,43.88371428571429
2016-04-30,0,41.6632,44.83178947368422
2016-05-01,0,39.474000000000004,45.0953125
2016-05-02,0,43.864000000000004,40.501400000000004
2016-05-03,0,41.6746,41.80911184210526
2016-05-04,0,46.0656,40.241142857142854
2016-05-05,0,43.876,45.92308750000001
2016-05-06,0,39.492,53.1636111111111
2016-05-07,0,46.078199999999995,37.671803571428576
2016-05-08,0,46.0824,37.425000000000004
2016-05-09,0,41.69740000000001,41.919
2016-05-10,0,39.5064,44.153958333333335
2016-05-11,0,46.095000000000006,44.75327380952381
2016-05-12,0,41.7088,45.054210526315785
2016-05-13,0,43.908,42.62985
2016-05-14,0,39.520799999999994,51.15559722222222
2016-05-15,0,41.720200000000006,41.56913157894737
2016-05-16,0,46.11599999999999,43.27142857142857
2016-05-17,0,43.92400000000001,46.486825
2016-05-18,0,43.928,41.771224999999994
2016-05-19,0,46.128600000000006,45.02858928571429
2016-05-20,0,41.739200000000004,41.584
2016-05-21,0,43.94,41.955
2016-05-22,0,41.7468,49.135026315789474
2016-05-23,0,46.1454,40.712160714285716
2016-05-24,0,41.7544,47.66963157894737
2016-05-25,0,39.5604,50.80727083333334
2016-05-26,0,46.158,41.80345238095238
2016-05-27,0,43.964,47.919174999999996
2016-05-28,0,43.967999999999996,47.0481
2016-05-29,0,43.971999999999994,41.54171875
2016-05-30,0,43.976000000000006,45.742887499999995
2016-05-31,0,41.781,49.534934210526316
2016-06-01,0,39.58560000000001,50.24952777777778
2016-06-02,0,43.988,41.02870625
2016-06-03,0,43.992000000000004,43.83123750000001
2016-06-04,0,39.596399999999996,50.260298611111104
2016-06-05,0,46.2,40.0
2016-06-06,0,41.803799999999995,42.18722368421053
2016-06-07,0,39.607200000000006,49.882124999999995
2016-06-08,0,46.212599999999995,45.50975
2016-06-09,0,46.2168,39.01114285714286
2016-06-10,0,41.819,42.015
2016-06-11,0,46.2252,42.85169047619048
2016-06-12,0,46.2294,42.104375
2016-06-13,0,41.8304,47.18484210526315
2016-06-14,0,46.2378,45.362476190476194
2016-06-15,0,46.242,44.53178571428571
2016-06-16,0,39.6396,43.97897222222222
2016-06-17,0,46.2504,40.20109523809524
2016-06-18,0,46.254599999999996,43.623803571428574
2016-06-19,0,39.6504,53.13641666666666
2016-06-20,0,39.654,51.87496527777778
2016-06-21,0,39.657599999999995,44.57866666666666
2016-06-22,0,44.068000000000005,46.34370625
2016-06-23,0,46.2756,37.96541666666667
2016-06-24,0,46.2798,41.723214285714285
2016-06-25,0,39.672,47.60958333333333
2016-06-26,0,39.6756,47.223506944444445
2016-06-27,0,46.292399999999994,40.14632142857143
2016-06-28,0,41.8874,47.696651315789474
2016-06-29,0,39.6864,50.64222222222222
2016-06-30,0,41.895,50.47154605263158
2016-07-01,0,39.6936,48.214375
2016-07-02,0,41.9026,46.32601315789474
2016-07-03,0,39.7008,46.17549999999999
2016-07-04,0,44.116,47.347875
2016-07-05,0,41.914,44.0283552631579
2016-07-06,0,41.9178,47.07769736842105
2016-07-07,0,46.334399999999995,45.854571428571425
2016-07-08,0,39.7188,45.70470138888889
2016-07-09,0,44.13600000000001,47.27703749999999
2016-07-10,0,44.14,47.368125
2016-07-11,0,46.351200000000006,44.28023809523809
2016-07-12,0,46.355399999999996,44.28339285714285
2016-07-13,0,46.35960000000001,43.86875
2016-07-14,0,46.3638,39.860732142857145
2016-07-15,0,44.160000000000004,47.12175
2016-07-16,0,39.74759999999999,53.628819444444446
2016-07-17,0,41.9596,44.06601315789474
2016-07-18,0,46.380599999999994,37.949535714285716
2016-07-19,0,44.176,48.012925
2016-07-20,0,39.762,47.401875
2016-07-21,0,44.184,41.6990625
2016-07-22,0,44.188,43.80908125
2016-07-23,0,41.9824,45.10147368421053
2016-07-24,0,44.196,41.2689375
2016-07-25,0,44.2,46.189375000000005
2016-07-26,0,44.204,42.767731250000004
2016-07-27,0,41.9976,44.65207894736842
2016-07-28,0,39.7908,51.72284722222222
2016-07-29,0,44.215999999999994,43.91875
2016-07-30,0,46.431000000000004,44.00553571428571
2016-07-31,0,44.224,41.728750000000005
2016-08-01,0,46.439400000000006,42.171
2016-08-02,0,39.8088,46.371875
2016-08-03,0,44.236000000000004,41.034706250000006
2016-08-04,0,46.452,41.92892857142857
2016-08-05,0,42.031800000000004,48.935980263157894
2016-08-06,0,42.035599999999995,50.51218421052632
2016-08-07,0,46.464600000000004,39.00808333333333
2016-08-08,0,44.256,46.587
2016-08-09,0,44.260000000000005,46.062875000000005
2016-08-10,0,44.264,42.373825
2016-08-11,0,44.268,41.49765
2016-08-12,0,44.272,44.929675
2016-08-13,0,39.8484,49.33920138888889
2016-08-14,0,42.066,44.894407894736844
2016-08-15,0,39.855599999999995,48.46677777777778
2016-08-16,0,44.288,47.58095
2016-08-17,0,46.5066,39.119589285714284
2016-08-18,0,42.08120000000001,44.25902631578948
2016-08-19,0,39.87,50.23993055555555
2016-08-20,0,44.304,40.908375
2016-08-21,0,46.523399999999995,40.22
2016-08-22,0,39.88080000000001,50.34840277777778
2016-08-23,0,39.8844,53.676187500000005
2016-08-24,0,39.888000000000005,48.88888888888889
2016-08-25,0,46.54019999999999,42.9135238095238
2016-08-26,0,42.1116,49.56493421052632
2016-08-27,0,39.898799999999994,44.204972222222224
2016-08-28,0,42.1192,48.64539473684211
2016-08-29,0,42.123000000000005,43.83029605263158
2016-08-30,0,39.9096,51.06175
2016-08-31,0,44.348,47.455581249999994
2016-09-01,0,42.1344,44.395736842105265
2016-09-02,0,39.9204,44.028125
2016-09-03,0,44.36,40.50875
2016-09-04,0,46.5822,41.685875
2016-09-05,0,44.367999999999995,41.04295
2016-09-06,0,39.934799999999996,45.01930555555556
2016-09-07,0,42.157199999999996,43.48740789473685
2016-09-08,0,46.599000000000004,38.929047619047616
2016-09-09,0,44.384,41.0546
2016-09-10,0,46.607400000000005,39.773678571428576
2016-09-11,0,46.611599999999996,45.8185
2016-09-12,0,39.9564,46.800847222222224
2016-09-13,0,39.959999999999994,44.84583333333333
2016-09-14,0,46.6242,37.93840476190476
2016-09-15,0,46.62839999999999,41.550535714285715
2016-09-16,0,44.412000000000006,43.543012499999996
2016-09-17,0,44.416000000000004,47.953599999999994
2016-09-18,0,46.641000000000005,38.62083333333334
2016-09-19,0,42.2028,45.8445
2016-09-20,0,39.9852,51.72566666666666
2016-09-21,0,39.9888,48.00638888888889
2016-09-22,0,39.9924,51.34108333333333
2016-09-23,0,46.662,45.94148809523809
2016-09-24,0,46.666199999999996,44.43285119047619
2016-09-25,0,46.6704,39.48
2016-09-26,0,42.2294,43.08178947368421
2016-09-27,0,40.010400000000004,49.59502777777778
2016-09-28,0,42.236999999999995,48.84532894736842
2016-09-29,0,40.0176,51.85669444444444
2016-09-30,0,42.2446,45.415875
2016-10-01,0,42.248400000000004,50.527578947368426
2016-10-02,0,46.699799999999996,41.01233333333333
2016-10-03,0,164.57600000000002,12.355
2016-10-04,0,186.83279999999996,11.263178571428572
2016-10-05,0,160.1568,11.474125
2016-10-06,0,160.17119999999997,13.289350694444446
2016-10-07,0,198.0072,9.045707865168538
2016-10-08,0,160.20000000000002,11.329427083333334
2016-10-09,0,198.0428,10.138182584269662
2016-10-10,0,158.0034,13.157012323943661
2016-10-11,0,166.92000000000002,12.07944
2016-10-12,0,189.193,10.451304411764706
2016-10-13,0,195.888,9.413309659090908
2016-10-14,0,202.5842,9.103625000000001
2016-10-15,0,171.4328,12.159025974025974
2016-10-16,0,158.08859999999999,12.988426056338028
2016-10-17,0,191.5048,10.826479651162792
2016-10-18,0,173.70600000000002,10.397379807692309
2016-10-19,0,158.13119999999998,13.364492957746478
2016-10-20,0,151.46320000000003,11.902106617647059
2016-10-21,0,173.75279999999998,10.671471153846154
2016-10-22,0,182.67960000000002,11.078423780487805
2016-10-23,0,196.06399999999996,9.279375
2016-10-24,0,178.25600000000003,10.915084375
2016-10-25,0,196.09919999999997,9.381127840909091
2016-10-26,0,176.0594,10.83103164556962
2016-10-27,0,198.36319999999998,9.89285393258427
2016-10-28,0,167.175,12.565475
2016-10-29,0,167.19,10.774536666666668
2016-10-30,0,189.499,9.570029411764706
2016-10-31,0,171.6792,11.989051948051948
2016-11-01,0,171.6946,11.461608766233766
2016-11-02,0,40.14,51.29375
2016-11-03,0,42.3738,48.87680921052632
2016-11-04,0,40.1472,47.27161111111111
2016-11-05,0,42.3814,51.11840131578947
2016-11-06,0,42.3852,47.490394736842106
2016-11-07,0,46.851,41.28541666666667
2016-11-08,0,42.39280000000001,48.24215789473684
2016-11-09,0,46.859399999999994,41.54405357142857
2016-11-10,0,46.863600000000005,45.17076190476191
2016-11-11,0,46.867799999999995,42.13988095238095
2016-11-12,0,44.64,43.896
2016-11-13,0,42.41179999999999,42.389835526315785
2016-11-14,0,42.415600000000005,49.75334210526315
2016-11-15,0,46.88459999999999,39.454071428571424
2016-11-16,0,42.4232,46.21936842105263
2016-11-17,0,40.194,45.446041666666666
2016-11-18,0,46.8972,38.113285714285716
2016-11-19,0,40.2012,51.55213888888889
2016-11-20,0,40.2048,47.128277777777775
2016-11-21,0,42.4422,44.557776315789475
2016-11-22,0,42.446,44.56092105263158
2016-11-23,0,40.2156,44.57960416666667
2016-11-24,0,46.922399999999996,40.06964285714286
2016-11-25,0,44.692,45.5307625
2016-11-26,0,46.9308,41.34083333333333
2016-11-27,0,46.93500000000001,40.1625
2016-11-28,0,44.70399999999999,44.3
2016-11-29,0,46.943400000000004,44.72505952380952
2016-11-30,0,40.24079999999999,48.83533333333334
2016-12-01,0,40.244400000000006,49.13417361111111
2016-12-02,0,42.483999999999995,43.09973684210526
2016-12-03,0,46.9602,41.61448214285714
2016-12-04,0,44.727999999999994,40.241425
2016-12-05,0,42.495400000000004,46.561296052631576
2016-12-06,0,40.26239999999999,51.51550000000001
2016-12-07,0,40.266000000000005,51.617638888888884
2016-12-08,0,42.5068,47.69109210526316
2016-12-09,0,40.2732,48.17668750000001
2016-12-10,0,42.5144,46.85773684210526
2016-12-11,0,42.5182,48.167921052631584
2016-12-12,0,42.522,45.370657894736844
2016-12-13,0,42.5258,51.068927631578944
2016-12-14,0,40.291199999999996,53.614222222222224
2016-12-15,0,42.5334,45.100125
2016-12-16,0,42.5372,46.78417105263158
2016-12-17,0,40.302,52.54121527777778
2016-12-18,0,40.305600000000005,44.95399999999999
2016-12-19,0,47.0274,40.90088095238095
2016-12-20,0,47.031600000000005,44.4532619047619
2016-12-21,0,47.035799999999995,43.78025
2016-12-22,0,44.800000000000004,42.33375
2016-12-23,0,40.3236,51.77447916666667
2016-12-24,0,44.80800000000001,44.8250625
2016-12-25,0,44.812,41.810081249999996
