sinteticos/sales_sint_365_tend.csv
date,item_nbr,unit_sales,price
2016-12-26,0,47.0568,38.80735714285714
2016-12-27,0,47.061,43.88330357142857
2016-12-28,0,40.3416,49.918305555555555
2016-12-29,0,42.586600000000004,46.92048684210527
2016-12-30,0,44.832,44.2224
2016-12-31,0,40.3524,44.69914583333333
2017-01-01,0,47.082,43.81416666666667
2017-01-02,0,42.6018,46.65321710526316
2017-01-03,0,40.3632,45.30075
2017-01-04,0,40.3668,45.50134027777778
2017-01-05,0,44.855999999999995,43.2638625
2017-01-06,0,42.617000000000004,49.37842105263158
2017-01-07,0,47.1072,41.209476190476195
2017-01-08,0,42.62460000000001,48.543572368421046
2017-01-09,0,44.872,41.054475000000004
2017-01-10,0,44.876000000000005,48.78894375
2017-01-11,0,42.635999999999996,50.42486842105263
2017-01-12,0,40.3956,50.06977083333334
2017-01-13,0,47.1324,39.872392857142856
2017-01-14,0,42.647400000000005,45.756888157894736
2017-01-15,0,40.40639999999999,50.080333333333336
2017-01-16,0,42.655,44.26595394736842
2017-01-17,0,47.1492,42.339285714285715
2017-01-18,0,47.153400000000005,42.00352380952381
2017-01-19,0,44.912,43.039699999999996
2017-01-20,0,44.916,45.3549375
2017-01-21,0,42.674,46.2475
2017-01-22,0,44.924,41.8035625
2017-01-23,0,44.928,44.74184999999999
2017-01-24,0,40.4388,48.23405555555556
2017-01-25,0,42.6892,47.10330263157895
2017-01-26,0,40.446,49.427083333333336
2017-01-27,0,40.449600000000004,53.385000000000005
2017-01-28,0,42.700599999999994,43.5539802631579
2017-01-29,0,42.70440000000001,49.73932894736841
2017-01-30,0,44.955999999999996,42.1830375
2017-01-31,0,40.464000000000006,44.89555555555555
2017-02-01,0,44.964,48.063375
2017-02-02,0,42.7196,47.41086842105263
2017-02-03,0,40.474799999999995,48.46576388888889
2017-02-04,0,44.976,48.073499999999996
2017-02-05,0,44.980000000000004,43.6253125
2017-02-06,0,42.7348,45.45598684210527
2017-02-07,0,42.7386,49.20838815789474
2017-02-08,0,47.2416,41.556666666666665
2017-02-09,0,44.996,48.980937499999996
2017-02-10,0,40.5,48.192708333333336
2017-02-11,0,45.004,46.404818750000004
2017-02-12,0,42.7576,44.068684210526314
2017-02-13,0,45.012,43.20440625
2017-02-14,0,42.7652,44.07486842105263
2017-02-15,0,45.019999999999996,40.983124999999994
2017-02-16,0,47.2752,45.822857142857146
2017-02-17,0,47.27940000000001,42.60127380952381
2017-02-18,0,40.5288,46.83356944444444
2017-02-19,0,40.5324,52.778104166666665
2017-02-20,0,40.535999999999994,45.55277777777778
2017-02-21,0,45.044000000000004,46.5265125
2017-02-22,0,47.300399999999996,40.324107142857144
2017-02-23,0,40.546800000000005,50.41574305555556
2017-02-24,0,45.056,48.23015
2017-02-25,0,45.06,43.50825
2017-02-26,0,42.8108,50.024855263157896
2017-02-27,0,40.5612,45.27790972222222
2017-02-28,0,47.3256,43.48342857142857
2017-03-01,0,47.3298,46.11944642857143
2017-03-02,0,42.826,50.88381578947369
2017-03-03,0,47.3382,40.34955357142858
2017-03-04,0,47.3424,45.9592380952381
2017-03-05,0,42.8374,50.70671052631579
2017-03-06,0,40.5864,53.725750000000005
2017-03-07,0,47.355,39.25625
2017-03-08,0,42.848800000000004,51.09305263157895
2017-03-09,0,42.852599999999995,46.77596052631579
2017-03-10,0,47.3676,38.24464285714285
2017-03-11,0,47.37179999999999,44.621875
2017-03-12,0,40.608000000000004,52.955000000000005
2017-03-13,0,42.867799999999995,47.164881578947366
2017-03-14,0,40.6152,52.664875
2017-03-15,0,45.13199999999999,42.75973125
2017-03-16,0,42.879200000000004,43.979684210526315
2017-03-17,0,42.882999999999996,48.305855263157895
2017-03-18,0,42.8868,48.02727631578947
2017-03-19,0,45.148,48.12933124999999
2017-03-20,0,47.4096,40.05742857142857
2017-03-21,0,42.8982,47.75534210526315
2017-03-22,0,45.16,48.6753125
2017-03-23,0,45.164,47.3389375
2017-03-24,0,47.4264,41.34471428571428
2017-03-25,0,42.913399999999996,49.08517105263157
2017-03-26,0,45.176,41.80995
2017-03-27,0,42.921,49.562269736842104
2017-03-28,0,47.4432,40.84571428571429
2017-03-29,0,47.44740000000001,45.18873214285714
2017-03-30,0,47.4516,40.255678571428575
2017-03-31,0,45.196000000000005,44.95248125
2017-04-01,0,42.94,44.49934210526316
2017-04-02,0,42.9438,49.01855921052632
2017-04-03,0,42.947599999999994,44.41147368421052
2017-04-04,0,40.6908,46.584076388888896
2017-04-05,0,42.95519999999999,43.94715789473684
2017-04-06,0,42.959,47.15003289473684
2017-04-07,0,40.7016,53.15076388888889
2017-04-08,0,47.4894,38.32232142857143
2017-04-09,0,47.4936,42.75366666666667
2017-04-10,0,47.4978,38.498023809523815
2017-04-11,0,42.978,48.20210526315789
2017-04-12,0,40.7196,44.92063888888889
2017-04-13,0,47.5104,39.61357142857143
2017-04-14,0,45.251999999999995,42.223349999999996
2017-04-15,0,47.5188,41.578761904761905
2017-04-16,0,40.733999999999995,47.716666666666676
2017-04-17,0,45.26400000000001,43.48485
2017-04-18,0,47.5314,43.54754166666667
2017-04-19,0,47.5356,42.1017380952381
2017-04-20,0,40.7484,50.8125625
2017-04-21,0,40.752,44.75
2017-04-22,0,45.28399999999999,48.24386875
2017-04-23,0,45.288000000000004,47.26259999999999
2017-04-24,0,47.556599999999996,40.070297619047615
2017-04-25,0,47.5608,46.041428571428575
2017-04-26,0,40.769999999999996,51.0328125
2017-04-27,0,40.7736,53.92147222222222
2017-04-28,0,40.7772,47.75666666666667
2017-04-29,0,40.7808,45.6705
2017-04-30,0,40.7844,48.95741666666667
2017-05-01,0,43.054,45.25263157894737
2017-05-02,0,47.5902,38.813125
2017-05-03,0,43.0616,42.61884210526316
2017-05-04,0,45.332,41.5657
2017-05-05,0,47.6028,42.319428571428574
2017-05-06,0,45.339999999999996,41.929875
2017-05-07,0,40.809599999999996,45.89511111111111
2017-05-08,0,40.81320000000001,45.898312499999996
2017-05-09,0,47.6196,43.95279761904762
2017-05-10,0,43.08820000000001,49.148809210526316
2017-05-11,0,43.092,42.92565789473684
2017-05-12,0,47.632200000000005,40.035291666666666
2017-05-13,0,40.831199999999995,53.88209722222222
2017-05-14,0,40.8348,51.89377083333333
2017-05-15,0,47.6448,40.8974761904762
2017-05-16,0,40.842,48.91246527777778
2017-05-17,0,45.384,40.52745
2017-05-18,0,47.6574,39.71044642857143
2017-05-19,0,47.6616,42.78778571428571
2017-05-20,0,43.1262,49.37188815789474
2017-05-21,0,43.13,44.560526315789474
2017-05-22,0,43.1338,50.60615789473684
2017-05-23,0,45.408,41.3517
2017-05-24,0,40.8708,47.94300694444444
2017-05-25,0,43.145199999999996,44.95068421052632
2017-05-26,0,45.42,45.48740625000001
2017-05-27,0,45.42400000000001,41.991299999999995
2017-05-28,0,47.6994,42.814625
2017-05-29,0,45.432,40.561350000000004
2017-05-30,0,40.892399999999995,45.7693125
2017-05-31,0,45.440000000000005,44.157000000000004
2017-06-01,0,40.89959999999999,50.46295833333333
2017-06-02,0,47.720400000000005,43.85539285714285
2017-06-03,0,45.452,47.2183625
2017-06-04,0,47.72880000000001,46.512
2017-06-05,0,40.913999999999994,46.786006944444445
2017-06-06,0,47.7372,41.47327380952381
2017-06-07,0,47.7414,46.350678571428574
2017-06-08,0,43.1984,46.79052631578948
2017-06-09,0,45.476,47.058475
2017-06-10,0,43.206,46.7025
2017-06-11,0,45.484,41.316625
2017-06-12,0,43.2136,46.80355263157895
2017-06-13,0,43.2174,51.440210526315795
2017-06-14,0,40.9464,54.30177777777777
2017-06-15,0,43.225,50.59621710526316
2017-06-16,0,43.2288,51.450947368421055
2017-06-17,0,47.78340000000001,46.21178571428571
2017-06-18,0,40.9608,49.52422222222223
2017-06-19,0,43.2402,44.934374999999996
2017-06-20,0,45.519999999999996,44.30837499999999
2017-06-21,0,43.247800000000005,51.75267763157895
2017-06-22,0,45.52799999999999,43.954987499999994
2017-06-23,0,45.532000000000004,41.5309125
2017-06-24,0,45.535999999999994,43.152
2017-06-25,0,40.986000000000004,54.742916666666666
2017-06-26,0,45.544,43.337825
2017-06-27,0,45.548,41.362625
2017-06-28,0,40.9968,49.059083333333334
2017-06-29,0,45.556,49.012531249999995
2017-06-30,0,47.838,46.25357142857143
2017-07-01,0,41.0076,54.76575
2017-07-02,0,41.0112,48.573
2017-07-03,0,43.2934,42.98961842105263
2017-07-04,0,41.0184,52.678041666666665
2017-07-05,0,45.58,42.555218749999995
2017-07-06,0,47.8632,46.4442380952381
2017-07-07,0,45.587999999999994,40.671525
2017-07-08,0,45.592000000000006,41.0343
2017-07-09,0,43.316199999999995,51.72272368421053
2017-07-10,0,45.60000000000001,46.17
2017-07-11,0,43.3238,51.9193947368421
2017-07-12,0,45.608000000000004,45.906375000000004
2017-07-13,0,47.892599999999995,40.46557142857142
2017-07-14,0,41.0544,49.11363888888889
2017-07-15,0,47.900999999999996,45.015625
2017-07-16,0,47.9052,46.219249999999995
2017-07-17,0,43.3466,47.86536184210526
2017-07-18,0,45.632000000000005,41.963300000000004
2017-07-19,0,47.9178,43.31276785714285
2017-07-20,0,47.922,46.14630952380953
2017-07-21,0,43.3618,47.49941447368421
2017-07-22,0,41.0832,45.53791666666667
2017-07-23,0,45.652,47.833143750000005
2017-07-24,0,45.656,42.16095
2017-07-25,0,41.094,50.7528125
2017-07-26,0,47.947199999999995,45.82228571428571
2017-07-27,0,43.384600000000006,48.37282894736842
2017-07-28,0,41.1048,48.560624999999995
2017-07-29,0,43.3922,48.94871052631579
2017-07-30,0,45.67999999999999,44.251375
2017-07-31,0,43.399800000000006,46.109249999999996
2017-08-01,0,47.97239999999999,42.92261904761905
2017-08-02,0,43.4074,49.341842105263154
2017-08-03,0,43.411199999999994,52.002315789473684
2017-08-04,0,45.7,42.55375000000001
2017-08-05,0,45.70399999999999,46.8845
2017-08-06,0,47.9934,43.6245
2017-08-07,0,41.1408,48.49411111111112
2017-08-08,0,43.4302,51.73555921052632
2017-08-09,0,48.006,45.17964285714286
2017-08-10,0,45.724000000000004,42.03028750000001
2017-08-11,0,48.0144,39.430285714285716
2017-08-12,0,45.732,48.621168749999995
2017-08-13,0,45.736,44.745400000000004
2017-08-14,0,43.452999999999996,48.71812499999999
2017-08-15,0,43.4568,46.917
2017-08-16,0,48.035399999999996,43.99847619047619
2017-08-17,0,45.75200000000001,49.3599125
2017-08-18,0,43.468199999999996,43.50698684210526
2017-08-19,0,41.184000000000005,54.45083333333334
2017-08-20,0,43.47579999999999,52.06360526315789
2017-08-21,0,48.056400000000004,44.35757142857143
2017-08-22,0,43.483399999999996,50.45548026315789
2017-08-23,0,41.19840000000001,49.95216666666666
2017-08-24,0,41.202,52.8646875
2017-08-25,0,45.784000000000006,47.852375
2017-08-26,0,48.077400000000004,45.40485714285714
2017-08-27,0,41.2128,47.45766666666667
2017-08-28,0,45.796,47.41078125
2017-08-29,0,41.22,45.95902777777777
2017-08-30,0,48.0942,46.363625000000006
2017-08-31,0,43.5176,44.592026315789475
2017-09-01,0,48.1026,40.520017857142854
2017-09-02,0,41.2344,45.97175
2017-09-03,0,43.528999999999996,43.365
2017-09-04,0,43.532799999999995,45.270105263157895
2017-09-05,0,48.119400000000006,46.98525
2017-09-06,0,45.831999999999994,44.910162500000006
2017-09-07,0,48.12780000000001,40.881101190476194
2017-09-08,0,45.839999999999996,43.0185
2017-09-09,0,48.1362,46.30963095238096
2017-09-10,0,48.14039999999999,44.84941666666667
2017-09-11,0,48.144600000000004,39.68716071428572
2017-09-12,0,43.563199999999995,45.009684210526316
2017-09-13,0,41.274,54.54510416666667
2017-09-14,0,41.27759999999999,50.22916666666667
2017-09-15,0,43.574600000000004,49.96825657894736
2017-09-16,0,41.284800000000004,48.126194444444444
2017-09-17,0,41.2884,51.746770833333336
2017-09-18,0,43.586,43.88598684210526
2017-09-19,0,41.2956,45.92532638888889
2017-09-20,0,48.1824,40.14257142857143
2017-09-21,0,48.1866,42.72980952380952
2017-09-22,0,45.896,48.2165125
2017-09-23,0,43.605,49.51973684210526
2017-09-24,0,43.608799999999995,49.713631578947364
2017-09-25,0,45.908,42.345225
2017-09-26,0,43.616400000000006,44.48175
2017-09-27,0,43.6202,51.91483552631579
2017-09-28,0,156.12800000000001,14.054117647058824
2017-09-29,0,202.0656,9.523725852272728
2017-09-30,0,195.19400000000002,10.584638235294117
2017-10-01,0,204.39739999999998,10.475765449438201
2017-10-02,0,183.74400000000003,10.863
2017-10-03,0,192.94799999999998,11.33796130952381
2017-10-04,0,195.262,10.949711764705883
2017-10-05,0,167.71020000000001,12.155188356164384
2017-10-06,0,158.5344,13.98931884057971
2017-10-07,0,165.4416,11.31953125
2017-10-08,0,176.946,11.361477272727273
2017-10-09,0,181.55780000000001,11.212181962025316
2017-10-10,0,167.7832,13.300876712328767
2017-10-11,0,181.5894,11.557708860759494
2017-10-12,0,202.2944,10.994028409090909
2017-10-13,0,165.528,12.959939236111111
2017-10-14,0,190.8336,10.151566265060241
2017-10-15,0,174.75440000000003,11.063500000000001
2017-10-16,0,170.1704,13.322486486486488
2017-10-17,0,181.68420000000003,12.617800632911392
2017-10-18,0,204.7,9.714185393258427
2017-10-19,0,207.01800000000003,10.271541666666668
2017-10-20,0,193.23359999999997,10.229089285714286
2017-10-21,0,174.84560000000002,12.78553947368421
2017-10-22,0,209.37279999999998,10.140846153846153
2017-10-23,0,161.07000000000002,13.572535714285713
2017-10-24,0,172.58999999999997,12.499336666666668
2017-10-25,0,209.4274,9.266146978021977
2017-10-26,0,172.62,11.38878
2017-10-27,0,184.144,12.015265625
2017-10-28,0,43.738,43.53
2017-10-29,0,41.4396,54.61779166666666
2017-10-30,0,43.7456,46.782105263157895
2017-10-31,0,46.052,45.8973625
2017-11-01,0,43.7532,48.79377631578947
2017-11-02,0,41.454,51.306493055555556
2017-11-03,0,41.4576,54.13258333333333
2017-11-04,0,46.068,45.18416249999999
2017-11-05,0,46.072,45.187275
2017-11-06,0,46.07599999999999,45.462618750000004
2017-11-07,0,48.38400000000001,46.15285714285714
2017-11-08,0,48.3882,39.068404761904766
2017-11-09,0,41.479200000000006,51.12954166666667
2017-11-10,0,46.092,48.65205
2017-11-11,0,43.7912,47.3941052631579
2017-11-12,0,46.099999999999994,41.30546875
2017-11-13,0,48.409200000000006,43.31860714285715
2017-11-14,0,48.413399999999996,46.78039880952382
2017-11-15,0,46.112,46.852799999999995
2017-11-16,0,41.504400000000004,48.7326875
2017-11-17,0,48.426,40.303452380952386
2017-11-18,0,46.124,42.6848125
2017-11-19,0,43.821600000000004,52.20047368421053
2017-11-20,0,41.5188,51.47104166666667
2017-11-21,0,48.4428,39.276404761904764
2017-11-22,0,43.833,44.17875
2017-11-23,0,41.5296,52.99583333333334
2017-11-24,0,41.5332,55.01850694444444
2017-11-25,0,46.152,43.341412500000004
2017-11-26,0,48.463800000000006,43.790083333333335
2017-11-27,0,48.467999999999996,39.552261904761906
2017-11-28,0,41.5476,46.45041666666667
2017-11-29,0,48.4764,44.75127380952381
2017-11-30,0,41.5548,52.21340972222222
2017-12-01,0,48.48479999999999,45.10371428571429
2017-12-02,0,43.871,47.8453947368421
2017-12-03,0,48.493199999999995,45.542833333333334
2017-12-04,0,43.878600000000006,43.736703947368426
2017-12-05,0,43.882400000000004,52.066526315789474
2017-12-06,0,41.5764,51.32563888888888
2017-12-07,0,41.58,47.590625
2017-12-08,0,41.583600000000004,50.72640277777778
2017-12-09,0,41.5872,48.2035
2017-12-10,0,46.212,46.205775
2017-12-11,0,48.5268,42.102642857142854
2017-12-12,0,43.909,45.58013157894737
2017-12-13,0,43.9128,49.318026315789474
2017-12-14,0,41.605199999999996,46.90588888888889
2017-12-15,0,46.232000000000006,43.2190625
2017-12-16,0,41.612399999999994,54.19183333333334
2017-12-17,0,46.24000000000001,44.681
2017-12-18,0,46.244,43.40998125
2017-12-19,0,41.623200000000004,51.371500000000005
2017-12-20,0,46.251999999999995,47.693825
2017-12-21,0,43.943200000000004,47.42881578947369
2017-12-22,0,48.57299999999999,46.81607142857143
2017-12-23,0,43.9508,49.83105263157894
2017-12-24,0,41.6412,54.62625
2017-12-25,0,46.272000000000006,47.7102
2017-12-26,0,46.276,44.16228125
2017-12-27,0,48.594,45.79142857142857
2017-12-28,0,46.284,42.89338125
2017-12-29,0,41.6592,48.77572222222222
2017-12-30,0,43.9774,46.115874999999996
2017-12-31,0,48.6108,40.599
2018-01-01,0,43.985,48.80707236842105
2018-01-02,0,41.6736,45.75244444444444
2018-01-03,0,48.6234,39.305839285714285
2018-01-04,0,43.996399999999994,49.296657894736846
2018-01-05,0,48.631800000000005,44.344458333333336
2018-01-06,0,44.004,44.79513157894737
2018-01-07,0,41.69160000000001,54.780006944444445
2018-01-08,0,44.011599999999994,51.99634210526316
2018-01-09,0,46.33200000000001,42.928706250000005
2018-01-10,0,48.65279999999999,46.61671428571429
2018-01-11,0,44.023,49.60819078947368
2018-01-12,0,46.343999999999994,43.6668375
2018-01-13,0,46.348,42.4846375
2018-01-14,0,48.6696,41.072166666666675
2018-01-15,0,48.6738,46.71953571428572
2018-01-16,0,46.36,43.952375
2018-01-17,0,48.6822,45.42317261904762
2018-01-18,0,41.7312,51.88266666666666
2018-01-19,0,41.7348,50.46745833333333
2018-01-20,0,44.0572,47.142460526315794
2018-01-21,0,41.742,49.460833333333326
2018-01-22,0,48.703199999999995,40.66028571428571
2018-01-23,0,48.7074,47.09270238095239
2018-01-24,0,48.711600000000004,45.444964285714285
2018-01-25,0,44.0762,52.34509868421053
2018-01-26,0,48.720000000000006,43.713095238095235
2018-01-27,0,41.7636,48.46720833333333
2018-01-28,0,41.7672,53.642069444444445
2018-01-29,0,44.09139999999999,51.39871710526316
2018-01-30,0,46.416000000000004,44.35965
2018-01-31,0,44.099,48.71536184210527
2018-02-01,0,46.42400000000001,43.1789875
2018-02-02,0,48.749399999999994,43.99489285714285
2018-02-03,0,46.432,47.932500000000005
2018-02-04,0,48.7578,42.87045833333333
2018-02-05,0,48.762,42.6125
2018-02-06,0,41.7996,49.10919444444445
2018-02-07,0,46.448,46.94105
2018-02-08,0,48.7746,39.576875
2018-02-09,0,46.456,46.0341
2018-02-10,0,48.783,42.19211309523809
2018-02-11,0,46.464,41.929649999999995
2018-02-12,0,44.1446,52.69813157894737
2018-02-13,0,48.7956,39.93846428571429
2018-02-14,0,41.8284,50.151291666666665
2018-02-15,0,48.803999999999995,41.16226190476191
2018-02-16,0,44.159800000000004,51.558263157894736
2018-02-17,0,44.163599999999995,49.253052631578946
2018-02-18,0,41.842800000000004,48.844881944444445
2018-02-19,0,44.1712,43.390947368421045
2018-02-20,0,46.5,42.321093749999996
2018-02-21,0,41.85359999999999,53.933375000000005
2018-02-22,0,46.508,47.35491249999999
2018-02-23,0,44.18639999999999,44.26894736842105
2018-02-24,0,41.8644,47.13788888888889
2018-02-25,0,46.52,47.91325
2018-02-26,0,46.524,44.35021875
2018-02-27,0,44.2016,52.65594736842105
2018-02-28,0,41.8788,53.9591875
2018-03-01,0,46.536,47.377575
2018-03-02,0,41.885999999999996,55.186145833333335
2018-03-03,0,46.544,49.94535
2018-03-04,0,44.2206,49.30357894736842
2018-03-05,0,44.224399999999996,48.92173684210526
2018-03-06,0,44.2282,46.32473026315789
