sinteticos/sales_sint_365_tend.csv
date,item_nbr,unit_sales,price
2020-07-29,0,45.054,56.888333333333335
2020-07-30,0,50.064,44.220600000000005
2020-07-31,0,50.068,53.145725
2020-08-01,0,47.568400000000004,46.34981578947369
2020-08-02,0,47.5722,46.046506578947366
2020-08-03,0,47.576,52.584210526315786
2020-08-04,0,47.5798,47.17567105263158
2020-08-05,0,47.5836,48.097776315789474
2020-08-06,0,52.596599999999995,49.98775595238095
2020-08-07,0,50.096,46.76605000000001
2020-08-08,0,52.605,46.94464285714286
2020-08-09,0,50.104000000000006,52.8854375
2020-08-10,0,52.6134,47.96733928571429
2020-08-11,0,45.10080000000001,57.04383333333333
2020-08-12,0,52.62179999999999,45.10804761904762
2020-08-13,0,45.108000000000004,49.501875000000005
2020-08-14,0,52.630199999999995,49.828624999999995
2020-08-15,0,50.128,50.8673
2020-08-16,0,47.62539999999999,51.40196710526316
2020-08-17,0,45.1224,59.223375
2020-08-18,0,52.64699999999999,49.10169642857143
2020-08-19,0,50.144000000000005,49.423899999999996
2020-08-20,0,45.1332,55.24266666666666
2020-08-21,0,52.6596,45.31916666666667
2020-08-22,0,47.6482,48.661605263157895
2020-08-23,0,45.144,57.087916666666665
2020-08-24,0,52.6722,49.12066071428571
2020-08-25,0,47.6596,52.761
2020-08-26,0,50.172,48.3775875
2020-08-27,0,50.176,49.83795
2020-08-28,0,52.689,44.506815476190475
2020-08-29,0,50.184,53.24504999999999
2020-08-30,0,45.169200000000004,49.12420138888889
2020-08-31,0,50.19199999999999,44.408975000000005
2020-09-01,0,52.7058,49.608714285714285
2020-09-02,0,45.17999999999999,53.02118055555556
2020-09-03,0,50.20400000000001,50.151975
2020-09-04,0,50.208,43.934400000000004
2020-09-05,0,52.7226,49.89920833333334
2020-09-06,0,52.7268,48.421083333333335
2020-09-07,0,50.22,51.720375000000004
2020-09-08,0,47.7128,49.94294736842106
2020-09-09,0,52.7394,48.15261904761905
2020-09-10,0,47.7204,46.162223684210524
2020-09-11,0,47.7242,49.03132236842105
2020-09-12,0,223.568,10.511741573033706
2020-09-13,0,170.8296,12.872150735294117
2020-09-14,0,221.0912,10.45571875
2020-09-15,0,178.3946,13.535426056338027
2020-09-16,0,188.46,12.062100000000001
2020-09-17,0,180.93599999999998,14.538142361111113
2020-09-18,0,216.13520000000003,12.172249999999998
2020-09-19,0,193.53179999999998,12.408112012987013
2020-09-20,0,180.97920000000002,13.081444444444445
2020-09-21,0,223.7282,10.845820224719102
2020-09-22,0,228.77400000000003,9.624313186813188
2020-09-23,0,181.02239999999998,14.624845486111111
2020-09-24,0,201.15200000000002,12.09263125
2020-09-25,0,203.68259999999998,13.193791666666668
2020-09-26,0,208.72840000000002,12.29032530120482
2020-09-27,0,211.25999999999996,12.608333333333333
2020-09-28,0,193.6704,13.452
2020-09-29,0,208.7782,11.870424698795182
2020-09-30,0,213.826,12.508217647058824
2020-10-01,0,211.3272,11.962446428571429
2020-10-02,0,191.216,13.606874999999999
2020-10-03,0,183.6826,12.539503424657534
2020-10-04,0,193.7628,13.558363636363636
2020-10-05,0,218.9442,10.791675287356322
2020-10-06,0,229.0288,11.281274725274725
2020-10-07,0,186.25799999999998,12.557508445945945
2020-10-08,0,193.8244,12.144935064935066
2020-10-09,0,229.08340000000004,9.913160714285713
2020-10-10,0,201.408,12.860100000000001
2020-10-11,0,214.01300000000003,10.797675
2020-10-12,0,45.324,56.94680555555556
2020-10-13,0,50.364000000000004,43.8496875
2020-10-14,0,52.886399999999995,44.54857142857143
2020-10-15,0,50.372,51.6518125
2020-10-16,0,47.85719999999999,50.47531578947369
2020-10-17,0,52.899,50.219613095238095
2020-10-18,0,50.384,50.199625
2020-10-19,0,52.9074,46.23396428571429
2020-10-20,0,47.8724,49.97517105263157
2020-10-21,0,50.396,45.724568749999996
2020-10-22,0,47.88,46.286842105263155
2020-10-23,0,50.403999999999996,50.020706249999996
2020-10-24,0,45.3672,52.873444444444445
2020-10-25,0,52.9326,50.70975
2020-10-26,0,52.9368,45.23302380952381
2020-10-27,0,50.42,44.57178125
2020-10-28,0,45.381600000000006,55.704750000000004
2020-10-29,0,47.9066,46.51296710526315
2020-10-30,0,50.432,49.5554
2020-10-31,0,52.9578,50.636339285714286
2020-11-01,0,45.396,53.11736111111111
2020-11-02,0,52.96619999999999,45.06747023809524
2020-11-03,0,50.44800000000001,47.323875
2020-11-04,0,45.4068,49.00747222222222
2020-11-05,0,52.97880000000001,50.466678571428574
2020-11-06,0,47.937,52.5978947368421
2020-11-07,0,47.9408,47.56715789473684
2020-11-08,0,52.9914,44.80591666666667
2020-11-09,0,45.424800000000005,52.819208333333336
2020-11-10,0,50.476,46.75938125
2020-11-11,0,45.432,56.40555555555556
2020-11-12,0,47.9598,48.815625000000004
2020-11-13,0,47.9636,55.19088157894737
2020-11-14,0,53.0166,50.49576785714286
2020-11-15,0,47.971199999999996,48.824999999999996
2020-11-16,0,45.449999999999996,54.14496527777778
2020-11-17,0,50.504,51.6634625
2020-11-18,0,50.50800000000001,49.225049999999996
2020-11-19,0,45.4608,58.27941666666666
2020-11-20,0,47.9902,46.98982236842105
2020-11-21,0,45.467999999999996,55.24770833333333
2020-11-22,0,45.4716,59.267541666666666
2020-11-23,0,50.52799999999999,44.5512
2020-11-24,0,50.532000000000004,53.738437499999996
2020-11-25,0,53.062799999999996,48.48401190476191
2020-11-26,0,45.486000000000004,50.59659722222222
2020-11-27,0,53.07119999999999,51.09621428571428
2020-11-28,0,45.4932,56.24976388888889
2020-11-29,0,45.4968,52.77825
2020-11-30,0,53.083800000000004,50.91983928571428
2020-12-01,0,53.088,42.82380952380952
2020-12-02,0,50.564,44.967875
2020-12-03,0,50.568,50.640975
2020-12-04,0,53.1006,44.13560714285715
2020-12-05,0,50.576,49.86525
2020-12-06,0,45.522,57.14770833333333
2020-12-07,0,45.5256,52.47929166666667
2020-12-08,0,50.587999999999994,50.95054375
2020-12-09,0,50.592000000000006,48.6066
2020-12-10,0,53.1258,47.31959523809524
2020-12-11,0,53.13,42.664880952380955
2020-12-12,0,53.13419999999999,50.027303571428575
2020-12-13,0,45.547200000000004,51.521166666666666
2020-12-14,0,48.081399999999995,56.6391447368421
2020-12-15,0,53.146800000000006,42.20989285714286
2020-12-16,0,53.150999999999996,49.57416666666667
2020-12-17,0,48.092800000000004,50.675999999999995
2020-12-18,0,50.628,53.625225
2020-12-19,0,50.632000000000005,53.2372
2020-12-20,0,50.636,51.0874875
2020-12-21,0,48.108000000000004,55.22210526315789
2020-12-22,0,48.1118,49.97095394736842
2020-12-23,0,45.5832,51.771611111111106
2020-12-24,0,50.652,49.24055625
2020-12-25,0,45.5904,52.21333333333333
2020-12-26,0,48.126999999999995,47.20111842105263
2020-12-27,0,50.664,47.977125
2020-12-28,0,45.601200000000006,49.28577083333334
2020-12-29,0,48.1384,50.921
2020-12-30,0,45.6084,52.012375000000006
2020-12-31,0,45.611999999999995,51.79805555555555
